Archive member included to satisfy reference by file (symbol)

C:/ST/STM32CubeCLT_1.17.0/GNU-tools-for-STM32/bin/../lib/gcc/arm-none-eabi/12.3.1/../../../../arm-none-eabi/lib/thumb/v7e-m+fp/hard\libc_nano.a(libc_a-exit.o)
                              C:/ST/STM32CubeCLT_1.17.0/GNU-tools-for-STM32/bin/../lib/gcc/arm-none-eabi/12.3.1/../../../../arm-none-eabi/lib/thumb/v7e-m+fp/hard/crt0.o (exit)
C:/ST/STM32CubeCLT_1.17.0/GNU-tools-for-STM32/bin/../lib/gcc/arm-none-eabi/12.3.1/../../../../arm-none-eabi/lib/thumb/v7e-m+fp/hard\libc_nano.a(libc_a-findfp.o)
                              C:/ST/STM32CubeCLT_1.17.0/GNU-tools-for-STM32/bin/../lib/gcc/arm-none-eabi/12.3.1/../../../../arm-none-eabi/lib/thumb/v7e-m+fp/hard\libc_nano.a(libc_a-exit.o) (__stdio_exit_handler)
C:/ST/STM32CubeCLT_1.17.0/GNU-tools-for-STM32/bin/../lib/gcc/arm-none-eabi/12.3.1/../../../../arm-none-eabi/lib/thumb/v7e-m+fp/hard\libc_nano.a(libc_a-fwalk.o)
                              C:/ST/STM32CubeCLT_1.17.0/GNU-tools-for-STM32/bin/../lib/gcc/arm-none-eabi/12.3.1/../../../../arm-none-eabi/lib/thumb/v7e-m+fp/hard\libc_nano.a(libc_a-findfp.o) (_fwalk_sglue)
C:/ST/STM32CubeCLT_1.17.0/GNU-tools-for-STM32/bin/../lib/gcc/arm-none-eabi/12.3.1/../../../../arm-none-eabi/lib/thumb/v7e-m+fp/hard\libc_nano.a(libc_a-stdio.o)
                              C:/ST/STM32CubeCLT_1.17.0/GNU-tools-for-STM32/bin/../lib/gcc/arm-none-eabi/12.3.1/../../../../arm-none-eabi/lib/thumb/v7e-m+fp/hard\libc_nano.a(libc_a-findfp.o) (__sread)
C:/ST/STM32CubeCLT_1.17.0/GNU-tools-for-STM32/bin/../lib/gcc/arm-none-eabi/12.3.1/../../../../arm-none-eabi/lib/thumb/v7e-m+fp/hard\libc_nano.a(libc_a-memset.o)
                              C:/ST/STM32CubeCLT_1.17.0/GNU-tools-for-STM32/bin/../lib/gcc/arm-none-eabi/12.3.1/../../../../arm-none-eabi/lib/thumb/v7e-m+fp/hard/crt0.o (memset)
C:/ST/STM32CubeCLT_1.17.0/GNU-tools-for-STM32/bin/../lib/gcc/arm-none-eabi/12.3.1/../../../../arm-none-eabi/lib/thumb/v7e-m+fp/hard\libc_nano.a(libc_a-closer.o)
                              C:/ST/STM32CubeCLT_1.17.0/GNU-tools-for-STM32/bin/../lib/gcc/arm-none-eabi/12.3.1/../../../../arm-none-eabi/lib/thumb/v7e-m+fp/hard\libc_nano.a(libc_a-stdio.o) (_close_r)
C:/ST/STM32CubeCLT_1.17.0/GNU-tools-for-STM32/bin/../lib/gcc/arm-none-eabi/12.3.1/../../../../arm-none-eabi/lib/thumb/v7e-m+fp/hard\libc_nano.a(libc_a-reent.o)
                              C:/ST/STM32CubeCLT_1.17.0/GNU-tools-for-STM32/bin/../lib/gcc/arm-none-eabi/12.3.1/../../../../arm-none-eabi/lib/thumb/v7e-m+fp/hard\libc_nano.a(libc_a-closer.o) (errno)
C:/ST/STM32CubeCLT_1.17.0/GNU-tools-for-STM32/bin/../lib/gcc/arm-none-eabi/12.3.1/../../../../arm-none-eabi/lib/thumb/v7e-m+fp/hard\libc_nano.a(libc_a-impure.o)
                              C:/ST/STM32CubeCLT_1.17.0/GNU-tools-for-STM32/bin/../lib/gcc/arm-none-eabi/12.3.1/../../../../arm-none-eabi/lib/thumb/v7e-m+fp/hard\libc_nano.a(libc_a-reent.o) (_impure_ptr)
C:/ST/STM32CubeCLT_1.17.0/GNU-tools-for-STM32/bin/../lib/gcc/arm-none-eabi/12.3.1/../../../../arm-none-eabi/lib/thumb/v7e-m+fp/hard\libc_nano.a(libc_a-lseekr.o)
                              C:/ST/STM32CubeCLT_1.17.0/GNU-tools-for-STM32/bin/../lib/gcc/arm-none-eabi/12.3.1/../../../../arm-none-eabi/lib/thumb/v7e-m+fp/hard\libc_nano.a(libc_a-stdio.o) (_lseek_r)
C:/ST/STM32CubeCLT_1.17.0/GNU-tools-for-STM32/bin/../lib/gcc/arm-none-eabi/12.3.1/../../../../arm-none-eabi/lib/thumb/v7e-m+fp/hard\libc_nano.a(libc_a-readr.o)
                              C:/ST/STM32CubeCLT_1.17.0/GNU-tools-for-STM32/bin/../lib/gcc/arm-none-eabi/12.3.1/../../../../arm-none-eabi/lib/thumb/v7e-m+fp/hard\libc_nano.a(libc_a-stdio.o) (_read_r)
C:/ST/STM32CubeCLT_1.17.0/GNU-tools-for-STM32/bin/../lib/gcc/arm-none-eabi/12.3.1/../../../../arm-none-eabi/lib/thumb/v7e-m+fp/hard\libc_nano.a(libc_a-writer.o)
                              C:/ST/STM32CubeCLT_1.17.0/GNU-tools-for-STM32/bin/../lib/gcc/arm-none-eabi/12.3.1/../../../../arm-none-eabi/lib/thumb/v7e-m+fp/hard\libc_nano.a(libc_a-stdio.o) (_write_r)
C:/ST/STM32CubeCLT_1.17.0/GNU-tools-for-STM32/bin/../lib/gcc/arm-none-eabi/12.3.1/../../../../arm-none-eabi/lib/thumb/v7e-m+fp/hard\libc_nano.a(libc_a-init.o)
                              C:/ST/STM32CubeCLT_1.17.0/GNU-tools-for-STM32/bin/../lib/gcc/arm-none-eabi/12.3.1/../../../../arm-none-eabi/lib/thumb/v7e-m+fp/hard/crt0.o (__libc_init_array)
C:/ST/STM32CubeCLT_1.17.0/GNU-tools-for-STM32/bin/../lib/gcc/arm-none-eabi/12.3.1/../../../../arm-none-eabi/lib/thumb/v7e-m+fp/hard\libc_nano.a(libc_a-lock.o)
                              C:/ST/STM32CubeCLT_1.17.0/GNU-tools-for-STM32/bin/../lib/gcc/arm-none-eabi/12.3.1/../../../../arm-none-eabi/lib/thumb/v7e-m+fp/hard\libc_nano.a(libc_a-findfp.o) (__retarget_lock_init_recursive)
C:/ST/STM32CubeCLT_1.17.0/GNU-tools-for-STM32/bin/../lib/gcc/arm-none-eabi/12.3.1/../../../../arm-none-eabi/lib/thumb/v7e-m+fp/hard\libc_nano.a(libc_a-freer.o)
[...]
Memory Configuration

Name             Origin             Length             Attributes
RAM              0x20000000         0x00040000         xrw
FLASH            0x08000000         0x00080000         xr
*default*        0x00000000         0xffffffff

Linker script and memory map

LOAD C:/ST/STM32CubeCLT_1.17.0/GNU-tools-for-STM32/bin/../lib/gcc/arm-none-eabi/12.3.1/thumb/v7e-m+fp/hard/crti.o
LOAD C:/ST/STM32CubeCLT_1.17.0/GNU-tools-for-STM32/bin/../lib/gcc/arm-none-eabi/12.3.1/thumb/v7e-m+fp/hard/crtbegin.o
LOAD C:/ST/STM32CubeCLT_1.17.0/GNU-tools-for-STM32/bin/../lib/gcc/arm-none-eabi/12.3.1/../../../../arm-none-eabi/lib/thumb/v7e-m+fp/hard/crt0.o
START GROUP
LOAD C:/ST/STM32CubeCLT_1.17.0/GNU-tools-for-STM32/bin/../lib/gcc/arm-none-eabi/12.3.1/../../../../arm-none-eabi/lib/thumb/v7e-m+fp/hard\libc_nano.a
LOAD C:/ST/STM32CubeCLT_1.17.0/GNU-tools-for-STM32/bin/../lib/gcc/arm-none-eabi/12.3.1/../../../../arm-none-eabi/lib/thumb/v7e-m+fp/hard\libm.a
END GROUP
LOAD cmake/stm32cubemx/CMakeFiles/STM32_Drivers.dir/__/__/Core/Src/system_stm32f7xx.c.obj
LOAD cmake/stm32cubemx/CMakeFiles/STM32_Drivers.dir/__/__/Drivers/STM32F7xx_HAL_Driver/Src/stm32f7xx_hal_pcd.c.obj
LOAD cmake/stm32cubemx/CMakeFiles/STM32_Drivers.dir/__/__/Drivers/STM32F7xx_HAL_Driver/Src/stm32f7xx_hal_pcd_ex.c.obj
LOAD cmake/stm32cubemx/CMakeFiles/STM32_Drivers.dir/__/__/Drivers/STM32F7xx_HAL_Driver/Src/stm32f7xx_ll_usb.c.obj
LOAD cmake/stm32cubemx/CMakeFiles/STM32_Drivers.dir/__/__/Drivers/STM32F7xx_HAL_Driver/Src/stm32f7xx_hal_rcc.c.obj
LOAD cmake/stm32cubemx/CMakeFiles/STM32_Drivers.dir/__/__/Drivers/STM32F7xx_HAL_Driver/Src/stm32f7xx_hal_rcc_ex.c.obj
LOAD cmake/stm32cubemx/CMakeFiles/STM32_Drivers.dir/__/__/Drivers/STM32F7xx_HAL_Driver/Src/stm32f7xx_hal_flash.c.obj
LOAD cmake/stm32cubemx/CMakeFiles/STM32_Drivers.dir/__/__/Drivers/STM32F7xx_HAL_Driver/Src/stm32f7xx_hal_flash_ex.c.obj
LOAD cmake/stm32cubemx/CMakeFiles/STM32_Drivers.dir/__/__/Drivers/STM32F7xx_HAL_Driver/Src/stm32f7xx_hal_gpio.c.obj
LOAD cmake/stm32cubemx/CMakeFiles/STM32_Drivers.dir/__/__/Drivers/STM32F7xx_HAL_Driver/Src/stm32f7xx_hal_dma.c.obj
LOAD cmake/stm32cubemx/CMakeFiles/STM32_Drivers.dir/__/__/Drivers/STM32F7xx_HAL_Driver/Src/stm32f7xx_hal_dma_ex.c.obj
LOAD cmake/stm32cubemx/CMakeFiles/STM32_Drivers.dir/__/__/Drivers/STM32F7xx_HAL_Driver/Src/stm32f7xx_hal_pwr.c.obj
LOAD cmake/stm32cubemx/CMakeFiles/STM32_Drivers.dir/__/__/Drivers/STM32F7xx_HAL_Driver/Src/stm32f7xx_hal_pwr_ex.c.obj
LOAD cmake/stm32cubemx/CMakeFiles/STM32_Drivers.dir/__/__/Drivers/STM32F7xx_HAL_Driver/Src/stm32f7xx_hal_cortex.c.obj
LOAD cmake/stm32cubemx/CMakeFiles/STM32_Drivers.dir/__/__/Drivers/STM32F7xx_HAL_Driver/Src/stm32f7xx_hal.c.obj
LOAD cmake/stm32cubemx/CMakeFiles/STM32_Drivers.dir/__/__/Drivers/STM32F7xx_HAL_Driver/Src/stm32f7xx_hal_i2c.c.obj
LOAD cmake/stm32cubemx/CMakeFiles/STM32_Drivers.dir/__/__/Drivers/STM32F7xx_HAL_Driver/Src/stm32f7xx_hal_i2c_ex.c.obj
LOAD cmake/stm32cubemx/CMakeFiles/STM32_Drivers.dir/__/__/Drivers/STM32F7xx_HAL_Driver/Src/stm32f7xx_hal_exti.c.obj
LOAD cmake/stm32cubemx/CMakeFiles/STM32_Drivers.dir/__/__/Drivers/STM32F7xx_HAL_Driver/Src/stm32f7xx_hal_crc.c.obj
LOAD cmake/stm32cubemx/CMakeFiles/STM32_Drivers.dir/__/__/Drivers/STM32F7xx_HAL_Driver/Src/stm32f7xx_hal_crc_ex.c.obj
LOAD cmake/stm32cubemx/CMakeFiles/STM32_Drivers.dir/__/__/Drivers/STM32F7xx_HAL_Driver/Src/stm32f7xx_hal_iwdg.c.obj
LOAD cmake/stm32cubemx/CMakeFiles/STM32_Drivers.dir/__/__/Drivers/STM32F7xx_HAL_Driver/Src/stm32f7xx_hal_spi.c.obj
LOAD cmake/stm32cubemx/CMakeFiles/STM32_Drivers.dir/__/__/Drivers/STM32F7xx_HAL_Driver/Src/stm32f7xx_hal_spi_ex.c.obj
LOAD cmake/stm32cubemx/CMakeFiles/STM32_Drivers.dir/__/__/Drivers/STM32F7xx_HAL_Driver/Src/stm32f7xx_hal_tim.c.obj
LOAD cmake/stm32cubemx/CMakeFiles/STM32_Drivers.dir/__/__/Drivers/STM32F7xx_HAL_Driver/Src/stm32f7xx_hal_tim_ex.c.obj
LOAD cmake/stm32cubemx/CMakeFiles/STM32_Drivers.dir/__/__/Drivers/STM32F7xx_HAL_Driver/Src/stm32f7xx_hal_uart.c.obj
LOAD cmake/stm32cubemx/CMakeFiles/STM32_Drivers.dir/__/__/Drivers/STM32F7xx_HAL_Driver/Src/stm32f7xx_hal_uart_ex.c.obj
LOAD cmake/stm32cubemx/CMakeFiles/USB_Device_Library.dir/__/__/Middlewares/ST/STM32_USB_Device_Library/Core/Src/usbd_core.c.obj
LOAD cmake/stm32cubemx/CMakeFiles/USB_Device_Library.dir/__/__/Middlewares/ST/STM32_USB_Device_Library/Core/Src/usbd_ctlreq.c.obj
LOAD cmake/stm32cubemx/CMakeFiles/USB_Device_Library.dir/__/__/Middlewares/ST/STM32_USB_Device_Library/Core/Src/usbd_ioreq.c.obj
LOAD cmake/stm32cubemx/CMakeFiles/USB_Device_Library.dir/__/__/Middlewares/ST/STM32_USB_Device_Library/Class/CDC/Src/usbd_cdc.c.obj
LOAD CMakeFiles/TheBox_V3_0.dir/USB_DEVICE/Target/usbd_conf.c.obj
LOAD CMakeFiles/TheBox_V3_0.dir/USB_DEVICE/App/usb_device.c.obj
LOAD CMakeFiles/TheBox_V3_0.dir/USB_DEVICE/App/usbd_desc.c.obj
LOAD CMakeFiles/TheBox_V3_0.dir/USB_DEVICE/App/usbd_cdc_if.c.obj
LOAD CMakeFiles/TheBox_V3_0.dir/Core/Src/main.c.obj
LOAD CMakeFiles/TheBox_V3_0.dir/Core/Src/stm32f7xx_it.c.obj
LOAD CMakeFiles/TheBox_V3_0.dir/Core/Src/stm32f7xx_hal_msp.c.obj
LOAD CMakeFiles/TheBox_V3_0.dir/Core/Src/sysmem.c.obj
LOAD CMakeFiles/TheBox_V3_0.dir/Core/Src/syscalls.c.obj
LOAD CMakeFiles/TheBox_V3_0.dir/startup_stm32f722xx.s.obj
LOAD CMakeFiles/TheBox_V3_0.dir/modbus_rtu/modbus_rtu.c.obj
LOAD CMakeFiles/TheBox_V3_0.dir/modbus_rtu/mag_sensor.c.obj
LOAD CMakeFiles/TheBox_V3_0.dir/ICM42688P/ICM42688P.c.obj
LOAD CMakeFiles/TheBox_V3_0.dir/usb_comm/usb_comm.c.obj
START GROUP
LOAD C:/ST/STM32CubeCLT_1.17.0/GNU-tools-for-STM32/bin/../lib/gcc/arm-none-eabi/12.3.1/thumb/v7e-m+fp/hard\libgcc.a
LOAD C:/ST/STM32CubeCLT_1.17.0/GNU-tools-for-STM32/bin/../lib/gcc/arm-none-eabi/12.3.1/../../../../arm-none-eabi/lib/thumb/v7e-m+fp/hard\libg_nano.a
LOAD C:/ST/STM32CubeCLT_1.17.0/GNU-tools-for-STM32/bin/../lib/gcc/arm-none-eabi/12.3.1/../../../../arm-none-eabi/lib/thumb/v7e-m+fp/hard\libc_nano.a
END GROUP
START GROUP
LOAD C:/ST/STM32CubeCLT_1.17.0/GNU-tools-for-STM32/bin/../lib/gcc/arm-none-eabi/12.3.1/thumb/v7e-m+fp/hard\libgcc.a
LOAD C:/ST/STM32CubeCLT_1.17.0/GNU-tools-for-STM32/bin/../lib/gcc/arm-none-eabi/12.3.1/../../../../arm-none-eabi/lib/thumb/v7e-m+fp/hard\libc_nano.a
END GROUP
LOAD C:/ST/STM32CubeCLT_1.17.0/GNU-tools-for-STM32/bin/../lib/gcc/arm-none-eabi/12.3.1/thumb/v7e-m+fp/hard/crtend.o
LOAD C:/ST/STM32CubeCLT_1.17.0/GNU-tools-for-STM32/bin/../lib/gcc/arm-none-eabi/12.3.1/thumb/v7e-m+fp/hard/crtn.o
                0x20040000                        _estack = (ORIGIN (RAM) + LENGTH (RAM))
                0x00002000                        _Min_Heap_Size = 0x2000
                0x00004000                        _Min_Stack_Size = 0x4000

.isr_vector     0x08000000      0x1e0
                0x08000000                        . = ALIGN (0x4)
 *(.isr_vector)
 .isr_vector    0x08000000      0x1e0 CMakeFiles/TheBox_V3_0.dir/startup_stm32f722xx.s.obj
                0x08000000                g_pfnVectors
                0x080001e0                        . = ALIGN (0x4)

.text           0x080001e0     0x7a70
                0x080001e0                        . = ALIGN (0x4)
 *(.text)
 .text          0x080001e0       0x40 C:/ST/STM32CubeCLT_1.17.0/GNU-tools-for-STM32/bin/../lib/gcc/arm-none-eabi/12.3.1/thumb/v7e-m+fp/hard/crtbegin.o
 .text          0x08000220      0x378 C:/ST/STM32CubeCLT_1.17.0/GNU-tools-for-STM32/bin/../lib/gcc/arm-none-eabi/12.3.1/thumb/v7e-m+fp/hard\libgcc.a(_arm_addsubdf3.o)
                0x08000220                __aeabi_drsub
                0x08000228                __aeabi_dsub
                0x08000228                __subdf3
                0x0800022c                __aeabi_dadd
                0x0800022c                __adddf3
                0x080004a4                __floatunsidf
                0x080004a4                __aeabi_ui2d
                0x080004c4                __floatsidf
                0x080004c4                __aeabi_i2d
                0x080004e8                __aeabi_f2d
                0x080004e8                __extendsfdf2
                0x0800052c                __floatundidf
                0x0800052c                __aeabi_ul2d
                0x0800053c                __floatdidf
                0x0800053c                __aeabi_l2d
 .text          0x08000598      0x424 C:/ST/STM32CubeCLT_1.17.0/GNU-tools-for-STM32/bin/../lib/gcc/arm-none-eabi/12.3.1/thumb/v7e-m+fp/hard\libgcc.a(_arm_muldivdf3.o)
                0x08000598                __aeabi_dmul
                0x08000598                __muldf3
                0x080007ec                __divdf3
                0x080007ec                __aeabi_ddiv
 .text          0x080009bc       0xa0 C:/ST/STM32CubeCLT_1.17.0/GNU-tools-for-STM32/bin/../lib/gcc/arm-none-eabi/12.3.1/thumb/v7e-m+fp/hard\libgcc.a(_arm_truncdfsf2.o)
                0x080009bc                __truncdfsf2
                0x080009bc                __aeabi_d2f
 .text          0x08000a5c       0x30 C:/ST/STM32CubeCLT_1.17.0/GNU-tools-for-STM32/bin/../lib/gcc/arm-none-eabi/12.3.1/thumb/v7e-m+fp/hard\libgcc.a(_aeabi_uldivmod.o)
                0x08000a5c                __aeabi_uldivmod
 .text          0x08000a8c      0x2bc C:/ST/STM32CubeCLT_1.17.0/GNU-tools-for-STM32/bin/../lib/gcc/arm-none-eabi/12.3.1/thumb/v7e-m+fp/hard\libgcc.a(_udivmoddi4.o)
                0x08000a8c                __udivmoddi4
 .text          0x08000d48        0x4 C:/ST/STM32CubeCLT_1.17.0/GNU-tools-for-STM32/bin/../lib/gcc/arm-none-eabi/12.3.1/thumb/v7e-m+fp/hard\libgcc.a(_dvmd_tls.o)
                0x08000d48                __aeabi_idiv0
                0x08000d48                __aeabi_ldiv0
 .text          0x08000d4c       0x10 C:/ST/STM32CubeCLT_1.17.0/GNU-tools-for-STM32/bin/../lib/gcc/arm-none-eabi/12.3.1/../../../../arm-none-eabi/lib/thumb/v7e-m+fp/hard\libg_nano.a(libc_a-strlen.o)
                0x08000d4c                strlen
 *(.text*)
 .text.memset   0x08000d5c       0x10 C:/ST/STM32CubeCLT_1.17.0/GNU-tools-for-STM32/bin/../lib/gcc/arm-none-eabi/12.3.1/../../../../arm-none-eabi/lib/thumb/v7e-m+fp/hard\libc_nano.a(libc_a-memset.o)
                0x08000d5c                memset
 .text.__libc_init_array
                0x08000d6c       0x48 C:/ST/STM32CubeCLT_1.17.0/GNU-tools-for-STM32/bin/../lib/gcc/arm-none-eabi/12.3.1/../../../../arm-none-eabi/lib/thumb/v7e-m+fp/hard\libc_nano.a(libc_a-init.o)
                0x08000d6c                __libc_init_array
 .text.__retarget_lock_acquire_recursive
                0x08000db4        0x2 C:/ST/STM32CubeCLT_1.17.0/GNU-tools-for-STM32/bin/../lib/gcc/arm-none-eabi/12.3.1/../../../../arm-none-eabi/lib/thumb/v7e-m+fp/hard\libc_nano.a(libc_a-lock.o)
                0x08000db4                __retarget_lock_acquire_recursive
 .text.__retarget_lock_release_recursive
                0x08000db6        0x2 C:/ST/STM32CubeCLT_1.17.0/GNU-tools-for-STM32/bin/../lib/gcc/arm-none-eabi/12.3.1/../../../../arm-none-eabi/lib/thumb/v7e-m+fp/hard\libc_nano.a(libc_a-lock.o)
                0x08000db6                __retarget_lock_release_recursive
 .text._free_r  0x08000db8       0x94 C:/ST/STM32CubeCLT_1.17.0/GNU-tools-for-STM32/bin/../lib/gcc/arm-none-eabi/12.3.1/../../../../arm-none-eabi/lib/thumb/v7e-m+fp/hard\libc_nano.a(libc_a-freer.o)
                0x08000db8                _free_r
 .text.sbrk_aligned
                0x08000e4c       0x44 C:/ST/STM32CubeCLT_1.17.0/GNU-tools-for-STM32/bin/../lib/gcc/arm-none-eabi/12.3.1/../../../../arm-none-eabi/lib/thumb/v7e-m+fp/hard\libc_nano.a(libc_a-mallocr.o)
 .text._malloc_r
                0x08000e90      0x100 C:/ST/STM32CubeCLT_1.17.0/GNU-tools-for-STM32/bin/../lib/gcc/arm-none-eabi/12.3.1/../../../../arm-none-eabi/lib/thumb/v7e-m+fp/hard\libc_nano.a(libc_a-mallocr.o)
                0x08000e90                _malloc_r
 .text.__malloc_lock
                0x08000f90        0xc C:/ST/STM32CubeCLT_1.17.0/GNU-tools-for-STM32/bin/../lib/gcc/arm-none-eabi/12.3.1/../../../../arm-none-eabi/lib/thumb/v7e-m+fp/hard\libc_nano.a(libc_a-mlock.o)
                0x08000f90                __malloc_lock
 .text.__malloc_unlock
                0x08000f9c        0xc C:/ST/STM32CubeCLT_1.17.0/GNU-tools-for-STM32/bin/../lib/gcc/arm-none-eabi/12.3.1/../../../../arm-none-eabi/lib/thumb/v7e-m+fp/hard\libc_nano.a(libc_a-mlock.o)
                0x08000f9c                __malloc_unlock
 .text._sbrk_r  0x08000fa8       0x20 C:/ST/STM32CubeCLT_1.17.0/GNU-tools-for-STM32/bin/../lib/gcc/arm-none-eabi/12.3.1/../../../../arm-none-eabi/lib/thumb/v7e-m+fp/hard\libc_nano.a(libc_a-sbrkr.o)
                0x08000fa8                _sbrk_r
 .text.SystemInit
                0x08000fc8       0x14 cmake/stm32cubemx/CMakeFiles/STM32_Drivers.dir/__/__/Core/Src/system_stm32f7xx.c.obj
                0x08000fc8                SystemInit
 .text.HAL_PCD_Init
                0x08000fdc       0xf4 cmake/stm32cubemx/CMakeFiles/STM32_Drivers.dir/__/__/Drivers/STM32F7xx_HAL_Driver/Src/stm32f7xx_hal_pcd.c.obj
                0x08000fdc                HAL_PCD_Init
 .text.HAL_PCD_Start
                0x080010d0       0x2c cmake/stm32cubemx/CMakeFiles/STM32_Drivers.dir/__/__/Drivers/STM32F7xx_HAL_Driver/Src/stm32f7xx_hal_pcd.c.obj
                0x080010d0                HAL_PCD_Start
 .text.HAL_PCD_IRQHandler
                0x080010fc      0x784 cmake/stm32cubemx/CMakeFiles/STM32_Drivers.dir/__/__/Drivers/STM32F7xx_HAL_Driver/Src/stm32f7xx_hal_pcd.c.obj
                0x080010fc                HAL_PCD_IRQHandler
 .text.HAL_PCD_SetAddress
                0x08001880       0x28 cmake/stm32cubemx/CMakeFiles/STM32_Drivers.dir/__/__/Drivers/STM32F7xx_HAL_Driver/Src/stm32f7xx_hal_pcd.c.obj
                0x08001880                HAL_PCD_SetAddress
 .text.HAL_PCD_EP_Open
                0x080018a8       0x80 cmake/stm32cubemx/CMakeFiles/STM32_Drivers.dir/__/__/Drivers/STM32F7xx_HAL_Driver/Src/stm32f7xx_hal_pcd.c.obj
                0x080018a8                HAL_PCD_EP_Open
 .text.HAL_PCD_EP_Close
                0x08001928       0x70 cmake/stm32cubemx/CMakeFiles/STM32_Drivers.dir/__/__/Drivers/STM32F7xx_HAL_Driver/Src/stm32f7xx_hal_pcd.c.obj
                0x08001928                HAL_PCD_EP_Close
 .text.HAL_PCD_EP_Receive
                0x08001998       0x44 cmake/stm32cubemx/CMakeFiles/STM32_Drivers.dir/__/__/Drivers/STM32F7xx_HAL_Driver/Src/stm32f7xx_hal_pcd.c.obj
                0x08001998                HAL_PCD_EP_Receive
 .text.HAL_PCD_EP_GetRxCount
                0x080019dc       0x14 cmake/stm32cubemx/CMakeFiles/STM32_Drivers.dir/__/__/Drivers/STM32F7xx_HAL_Driver/Src/stm32f7xx_hal_pcd.c.obj
                0x080019dc                HAL_PCD_EP_GetRxCount
 .text.HAL_PCD_EP_Transmit
                0x080019f0       0x44 cmake/stm32cubemx/CMakeFiles/STM32_Drivers.dir/__/__/Drivers/STM32F7xx_HAL_Driver/Src/stm32f7xx_hal_pcd.c.obj
                0x080019f0                HAL_PCD_EP_Transmit
 .text.HAL_PCD_EP_SetStall
                0x08001a34       0x88 cmake/stm32cubemx/CMakeFiles/STM32_Drivers.dir/__/__/Drivers/STM32F7xx_HAL_Driver/Src/stm32f7xx_hal_pcd.c.obj
                0x08001a34                HAL_PCD_EP_SetStall
 .text.HAL_PCD_EP_ClrStall
                0x08001abc       0x78 cmake/stm32cubemx/CMakeFiles/STM32_Drivers.dir/__/__/Drivers/STM32F7xx_HAL_Driver/Src/stm32f7xx_hal_pcd.c.obj
                0x08001abc                HAL_PCD_EP_ClrStall
 .text.HAL_PCDEx_SetTxFiFo
                0x08001b34       0x4c cmake/stm32cubemx/CMakeFiles/STM32_Drivers.dir/__/__/Drivers/STM32F7xx_HAL_Driver/Src/stm32f7xx_hal_pcd_ex.c.obj
                0x08001b34                HAL_PCDEx_SetTxFiFo
 .text.HAL_PCDEx_SetRxFiFo
                0x08001b80        0xc cmake/stm32cubemx/CMakeFiles/STM32_Drivers.dir/__/__/Drivers/STM32F7xx_HAL_Driver/Src/stm32f7xx_hal_pcd_ex.c.obj
                0x08001b80                HAL_PCDEx_SetRxFiFo
 .text.HAL_PCDEx_ActivateLPM
                0x08001b8c       0x30 cmake/stm32cubemx/CMakeFiles/STM32_Drivers.dir/__/__/Drivers/STM32F7xx_HAL_Driver/Src/stm32f7xx_hal_pcd_ex.c.obj
                0x08001b8c                HAL_PCDEx_ActivateLPM
 .text.USB_CoreReset
                0x08001bbc       0x60 cmake/stm32cubemx/CMakeFiles/STM32_Drivers.dir/__/__/Drivers/STM32F7xx_HAL_Driver/Src/stm32f7xx_ll_usb.c.obj
 .text.USB_CoreInit
                0x08001c1c       0xb8 cmake/stm32cubemx/CMakeFiles/STM32_Drivers.dir/__/__/Drivers/STM32F7xx_HAL_Driver/Src/stm32f7xx_ll_usb.c.obj
                0x08001c1c                USB_CoreInit
 .text.USB_SetTurnaroundTime
                0x08001cd4       0xf4 cmake/stm32cubemx/CMakeFiles/STM32_Drivers.dir/__/__/Drivers/STM32F7xx_HAL_Driver/Src/stm32f7xx_ll_usb.c.obj
                0x08001cd4                USB_SetTurnaroundTime
 .text.USB_EnableGlobalInt
                0x08001dc8       0x10 cmake/stm32cubemx/CMakeFiles/STM32_Drivers.dir/__/__/Drivers/STM32F7xx_HAL_Driver/Src/stm32f7xx_ll_usb.c.obj
                0x08001dc8                USB_EnableGlobalInt
 .text.USB_DisableGlobalInt
                0x08001dd8       0x10 cmake/stm32cubemx/CMakeFiles/STM32_Drivers.dir/__/__/Drivers/STM32F7xx_HAL_Driver/Src/stm32f7xx_ll_usb.c.obj
                0x08001dd8                USB_DisableGlobalInt
 .text.USB_SetCurrentMode
                0x08001de8       0x6c cmake/stm32cubemx/CMakeFiles/STM32_Drivers.dir/__/__/Drivers/STM32F7xx_HAL_Driver/Src/stm32f7xx_ll_usb.c.obj
                0x08001de8                USB_SetCurrentMode
 .text.USB_FlushTxFifo
                0x08001e54       0x50 cmake/stm32cubemx/CMakeFiles/STM32_Drivers.dir/__/__/Drivers/STM32F7xx_HAL_Driver/Src/stm32f7xx_ll_usb.c.obj
                0x08001e54                USB_FlushTxFifo
 .text.USB_FlushRxFifo
                0x08001ea4       0x4c cmake/stm32cubemx/CMakeFiles/STM32_Drivers.dir/__/__/Drivers/STM32F7xx_HAL_Driver/Src/stm32f7xx_ll_usb.c.obj
                0x08001ea4                USB_FlushRxFifo
 .text.USB_DevInit
                0x08001ef0      0x190 cmake/stm32cubemx/CMakeFiles/STM32_Drivers.dir/__/__/Drivers/STM32F7xx_HAL_Driver/Src/stm32f7xx_ll_usb.c.obj
                0x08001ef0                USB_DevInit
 .text.USB_GetDevSpeed
                0x08002080       0x18 cmake/stm32cubemx/CMakeFiles/STM32_Drivers.dir/__/__/Drivers/STM32F7xx_HAL_Driver/Src/stm32f7xx_ll_usb.c.obj
                0x08002080                USB_GetDevSpeed
 .text.USB_ActivateEndpoint
                0x08002098       0x8c cmake/stm32cubemx/CMakeFiles/STM32_Drivers.dir/__/__/Drivers/STM32F7xx_HAL_Driver/Src/stm32f7xx_ll_usb.c.obj
                0x08002098                USB_ActivateEndpoint
 .text.USB_DeactivateEndpoint
                0x08002124       0xbc cmake/stm32cubemx/CMakeFiles/STM32_Drivers.dir/__/__/Drivers/STM32F7xx_HAL_Driver/Src/stm32f7xx_ll_usb.c.obj
                0x08002124                USB_DeactivateEndpoint
 .text.USB_EPStartXfer
                0x080021e0      0x238 cmake/stm32cubemx/CMakeFiles/STM32_Drivers.dir/__/__/Drivers/STM32F7xx_HAL_Driver/Src/stm32f7xx_ll_usb.c.obj
                0x080021e0                USB_EPStartXfer
 .text.USB_EPStopXfer
                0x08002418       0x94 cmake/stm32cubemx/CMakeFiles/STM32_Drivers.dir/__/__/Drivers/STM32F7xx_HAL_Driver/Src/stm32f7xx_ll_usb.c.obj
                0x08002418                USB_EPStopXfer
 .text.USB_WritePacket
                0x080024ac       0x2c cmake/stm32cubemx/CMakeFiles/STM32_Drivers.dir/__/__/Drivers/STM32F7xx_HAL_Driver/Src/stm32f7xx_ll_usb.c.obj
                0x080024ac                USB_WritePacket
 .text.USB_ReadPacket
                0x080024d8       0x48 cmake/stm32cubemx/CMakeFiles/STM32_Drivers.dir/__/__/Drivers/STM32F7xx_HAL_Driver/Src/stm32f7xx_ll_usb.c.obj
                0x080024d8                USB_ReadPacket
 .text.USB_EPSetStall
                0x08002520       0x70 cmake/stm32cubemx/CMakeFiles/STM32_Drivers.dir/__/__/Drivers/STM32F7xx_HAL_Driver/Src/stm32f7xx_ll_usb.c.obj
                0x08002520                USB_EPSetStall
 .text.USB_EPClearStall
                0x08002590       0x58 cmake/stm32cubemx/CMakeFiles/STM32_Drivers.dir/__/__/Drivers/STM32F7xx_HAL_Driver/Src/stm32f7xx_ll_usb.c.obj
                0x08002590                USB_EPClearStall
 .text.USB_SetDevAddress
                0x080025e8       0x24 cmake/stm32cubemx/CMakeFiles/STM32_Drivers.dir/__/__/Drivers/STM32F7xx_HAL_Driver/Src/stm32f7xx_ll_usb.c.obj
                0x080025e8                USB_SetDevAddress
 .text.USB_DevConnect
                0x0800260c       0x20 cmake/stm32cubemx/CMakeFiles/STM32_Drivers.dir/__/__/Drivers/STM32F7xx_HAL_Driver/Src/stm32f7xx_ll_usb.c.obj
                0x0800260c                USB_DevConnect
 .text.USB_DevDisconnect
                0x0800262c       0x20 cmake/stm32cubemx/CMakeFiles/STM32_Drivers.dir/__/__/Drivers/STM32F7xx_HAL_Driver/Src/stm32f7xx_ll_usb.c.obj
                0x0800262c                USB_DevDisconnect
 .text.USB_ReadInterrupts
                0x0800264c        0x8 cmake/stm32cubemx/CMakeFiles/STM32_Drivers.dir/__/__/Drivers/STM32F7xx_HAL_Driver/Src/stm32f7xx_ll_usb.c.obj
                0x0800264c                USB_ReadInterrupts
 .text.USB_ReadDevAllOutEpInterrupt
                0x08002654       0x10 cmake/stm32cubemx/CMakeFiles/STM32_Drivers.dir/__/__/Drivers/STM32F7xx_HAL_Driver/Src/stm32f7xx_ll_usb.c.obj
                0x08002654                USB_ReadDevAllOutEpInterrupt
 .text.USB_ReadDevAllInEpInterrupt
                0x08002664       0x10 cmake/stm32cubemx/CMakeFiles/STM32_Drivers.dir/__/__/Drivers/STM32F7xx_HAL_Driver/Src/stm32f7xx_ll_usb.c.obj
                0x08002664                USB_ReadDevAllInEpInterrupt
 .text.USB_ReadDevOutEPInterrupt
                0x08002674       0x14 cmake/stm32cubemx/CMakeFiles/STM32_Drivers.dir/__/__/Drivers/STM32F7xx_HAL_Driver/Src/stm32f7xx_ll_usb.c.obj
                0x08002674                USB_ReadDevOutEPInterrupt
 .text.USB_ReadDevInEPInterrupt
                0x08002688       0x20 cmake/stm32cubemx/CMakeFiles/STM32_Drivers.dir/__/__/Drivers/STM32F7xx_HAL_Driver/Src/stm32f7xx_ll_usb.c.obj
                0x08002688                USB_ReadDevInEPInterrupt
 .text.USB_GetMode
                0x080026a8        0x8 cmake/stm32cubemx/CMakeFiles/STM32_Drivers.dir/__/__/Drivers/STM32F7xx_HAL_Driver/Src/stm32f7xx_ll_usb.c.obj
                0x080026a8                USB_GetMode
 .text.USB_ActivateSetup
                0x080026b0       0x2c cmake/stm32cubemx/CMakeFiles/STM32_Drivers.dir/__/__/Drivers/STM32F7xx_HAL_Driver/Src/stm32f7xx_ll_usb.c.obj
                0x080026b0                USB_ActivateSetup
 .text.USB_EP0_OutStart
                0x080026dc       0x50 cmake/stm32cubemx/CMakeFiles/STM32_Drivers.dir/__/__/Drivers/STM32F7xx_HAL_Driver/Src/stm32f7xx_ll_usb.c.obj
                0x080026dc                USB_EP0_OutStart
 .text.HAL_RCC_OscConfig
                0x0800272c      0x3dc cmake/stm32cubemx/CMakeFiles/STM32_Drivers.dir/__/__/Drivers/STM32F7xx_HAL_Driver/Src/stm32f7xx_hal_rcc.c.obj
                0x0800272c                HAL_RCC_OscConfig
 .text.HAL_RCC_GetSysClockFreq
                0x08002b08       0x68 cmake/stm32cubemx/CMakeFiles/STM32_Drivers.dir/__/__/Drivers/STM32F7xx_HAL_Driver/Src/stm32f7xx_hal_rcc.c.obj
                0x08002b08                HAL_RCC_GetSysClockFreq
 .text.HAL_RCC_ClockConfig
                0x08002b70      0x140 cmake/stm32cubemx/CMakeFiles/STM32_Drivers.dir/__/__/Drivers/STM32F7xx_HAL_Driver/Src/stm32f7xx_hal_rcc.c.obj
                0x08002b70                HAL_RCC_ClockConfig
 .text.HAL_RCC_GetHCLKFreq
                0x08002cb0        0xc cmake/stm32cubemx/CMakeFiles/STM32_Drivers.dir/__/__/Drivers/STM32F7xx_HAL_Driver/Src/stm32f7xx_hal_rcc.c.obj
                0x08002cb0                HAL_RCC_GetHCLKFreq
 .text.HAL_RCC_GetPCLK1Freq
                0x08002cbc       0x20 cmake/stm32cubemx/CMakeFiles/STM32_Drivers.dir/__/__/Drivers/STM32F7xx_HAL_Driver/Src/stm32f7xx_hal_rcc.c.obj
                0x08002cbc                HAL_RCC_GetPCLK1Freq
 .text.HAL_RCC_GetPCLK2Freq
                0x08002cdc       0x20 cmake/stm32cubemx/CMakeFiles/STM32_Drivers.dir/__/__/Drivers/STM32F7xx_HAL_Driver/Src/stm32f7xx_hal_rcc.c.obj
                0x08002cdc                HAL_RCC_GetPCLK2Freq
 .text.HAL_RCCEx_PeriphCLKConfig
                0x08002cfc      0x46c cmake/stm32cubemx/CMakeFiles/STM32_Drivers.dir/__/__/Drivers/STM32F7xx_HAL_Driver/Src/stm32f7xx_hal_rcc_ex.c.obj
                0x08002cfc                HAL_RCCEx_PeriphCLKConfig
 .text.HAL_GPIO_Init
                0x08003168      0x240 cmake/stm32cubemx/CMakeFiles/STM32_Drivers.dir/__/__/Drivers/STM32F7xx_HAL_Driver/Src/stm32f7xx_hal_gpio.c.obj
                0x08003168                HAL_GPIO_Init
 .text.HAL_GPIO_WritePin
                0x080033a8        0x8 cmake/stm32cubemx/CMakeFiles/STM32_Drivers.dir/__/__/Drivers/STM32F7xx_HAL_Driver/Src/stm32f7xx_hal_gpio.c.obj
                0x080033a8                HAL_GPIO_WritePin
 .text.HAL_GPIO_TogglePin
                0x080033b0       0x14 cmake/stm32cubemx/CMakeFiles/STM32_Drivers.dir/__/__/Drivers/STM32F7xx_HAL_Driver/Src/stm32f7xx_hal_gpio.c.obj
                0x080033b0                HAL_GPIO_TogglePin
 .text.HAL_DMA_Init
                0x080033c4      0x138 cmake/stm32cubemx/CMakeFiles/STM32_Drivers.dir/__/__/Drivers/STM32F7xx_HAL_Driver/Src/stm32f7xx_hal_dma.c.obj
                0x080033c4                HAL_DMA_Init
 .text.HAL_DMA_Start_IT
                0x080034fc       0x80 cmake/stm32cubemx/CMakeFiles/STM32_Drivers.dir/__/__/Drivers/STM32F7xx_HAL_Driver/Src/stm32f7xx_hal_dma.c.obj
                0x080034fc                HAL_DMA_Start_IT
 .text.HAL_DMA_Abort
                0x0800357c       0x94 cmake/stm32cubemx/CMakeFiles/STM32_Drivers.dir/__/__/Drivers/STM32F7xx_HAL_Driver/Src/stm32f7xx_hal_dma.c.obj
                0x0800357c                HAL_DMA_Abort
 .text.HAL_DMA_Abort_IT
                0x08003610       0x28 cmake/stm32cubemx/CMakeFiles/STM32_Drivers.dir/__/__/Drivers/STM32F7xx_HAL_Driver/Src/stm32f7xx_hal_dma.c.obj
                0x08003610                HAL_DMA_Abort_IT
 .text.HAL_DMA_IRQHandler
                0x08003638      0x1a8 cmake/stm32cubemx/CMakeFiles/STM32_Drivers.dir/__/__/Drivers/STM32F7xx_HAL_Driver/Src/stm32f7xx_hal_dma.c.obj
                0x08003638                HAL_DMA_IRQHandler
 .text.HAL_DMA_GetError
                0x080037e0        0x4 cmake/stm32cubemx/CMakeFiles/STM32_Drivers.dir/__/__/Drivers/STM32F7xx_HAL_Driver/Src/stm32f7xx_hal_dma.c.obj
                0x080037e0                HAL_DMA_GetError
 .text.HAL_PWREx_EnableOverDrive
                0x080037e4       0x74 cmake/stm32cubemx/CMakeFiles/STM32_Drivers.dir/__/__/Drivers/STM32F7xx_HAL_Driver/Src/stm32f7xx_hal_pwr_ex.c.obj
                0x080037e4                HAL_PWREx_EnableOverDrive
 .text.HAL_NVIC_SetPriorityGrouping
                0x08003858       0x24 cmake/stm32cubemx/CMakeFiles/STM32_Drivers.dir/__/__/Drivers/STM32F7xx_HAL_Driver/Src/stm32f7xx_hal_cortex.c.obj
                0x08003858                HAL_NVIC_SetPriorityGrouping
 .text.HAL_NVIC_SetPriority
                0x0800387c       0x78 cmake/stm32cubemx/CMakeFiles/STM32_Drivers.dir/__/__/Drivers/STM32F7xx_HAL_Driver/Src/stm32f7xx_hal_cortex.c.obj
                0x0800387c                HAL_NVIC_SetPriority
 .text.HAL_NVIC_EnableIRQ
                0x080038f4       0x1c cmake/stm32cubemx/CMakeFiles/STM32_Drivers.dir/__/__/Drivers/STM32F7xx_HAL_Driver/Src/stm32f7xx_hal_cortex.c.obj
                0x080038f4                HAL_NVIC_EnableIRQ
 .text.HAL_SYSTICK_Config
                0x08003910       0x2c cmake/stm32cubemx/CMakeFiles/STM32_Drivers.dir/__/__/Drivers/STM32F7xx_HAL_Driver/Src/stm32f7xx_hal_cortex.c.obj
                0x08003910                HAL_SYSTICK_Config
 .text.HAL_InitTick
                0x0800393c       0x48 cmake/stm32cubemx/CMakeFiles/STM32_Drivers.dir/__/__/Drivers/STM32F7xx_HAL_Driver/Src/stm32f7xx_hal.c.obj
                0x0800393c                HAL_InitTick
 .text.HAL_Init
                0x08003984       0x18 cmake/stm32cubemx/CMakeFiles/STM32_Drivers.dir/__/__/Drivers/STM32F7xx_HAL_Driver/Src/stm32f7xx_hal.c.obj
                0x08003984                HAL_Init
 .text.HAL_IncTick
                0x0800399c       0x18 cmake/stm32cubemx/CMakeFiles/STM32_Drivers.dir/__/__/Drivers/STM32F7xx_HAL_Driver/Src/stm32f7xx_hal.c.obj
                0x0800399c                HAL_IncTick
 .text.HAL_GetTick
                0x080039b4        0xc cmake/stm32cubemx/CMakeFiles/STM32_Drivers.dir/__/__/Drivers/STM32F7xx_HAL_Driver/Src/stm32f7xx_hal.c.obj
                0x080039b4                HAL_GetTick
 .text.HAL_Delay
                0x080039c0       0x24 cmake/stm32cubemx/CMakeFiles/STM32_Drivers.dir/__/__/Drivers/STM32F7xx_HAL_Driver/Src/stm32f7xx_hal.c.obj
                0x080039c0                HAL_Delay
 .text.CRC_Handle_8
                0x080039e4       0x70 cmake/stm32cubemx/CMakeFiles/STM32_Drivers.dir/__/__/Drivers/STM32F7xx_HAL_Driver/Src/stm32f7xx_hal_crc.c.obj
 .text.CRC_Handle_16
                0x08003a54       0x30 cmake/stm32cubemx/CMakeFiles/STM32_Drivers.dir/__/__/Drivers/STM32F7xx_HAL_Driver/Src/stm32f7xx_hal_crc.c.obj
 .text.HAL_CRC_Init
                0x08003a84       0x7c cmake/stm32cubemx/CMakeFiles/STM32_Drivers.dir/__/__/Drivers/STM32F7xx_HAL_Driver/Src/stm32f7xx_hal_crc.c.obj
                0x08003a84                HAL_CRC_Init
 .text.HAL_CRC_Calculate
                0x08003b00       0x58 cmake/stm32cubemx/CMakeFiles/STM32_Drivers.dir/__/__/Drivers/STM32F7xx_HAL_Driver/Src/stm32f7xx_hal_crc.c.obj
                0x08003b00                HAL_CRC_Calculate
 .text.HAL_CRCEx_Polynomial_Set
                0x08003b58       0x70 cmake/stm32cubemx/CMakeFiles/STM32_Drivers.dir/__/__/Drivers/STM32F7xx_HAL_Driver/Src/stm32f7xx_hal_crc_ex.c.obj
                0x08003b58                HAL_CRCEx_Polynomial_Set
 .text.SPI_WaitFlagStateUntilTimeout.constprop.0
                0x08003bc8       0xac cmake/stm32cubemx/CMakeFiles/STM32_Drivers.dir/__/__/Drivers/STM32F7xx_HAL_Driver/Src/stm32f7xx_hal_spi.c.obj
 .text.SPI_WaitFifoStateUntilTimeout.constprop.0
                0x08003c74       0xd8 cmake/stm32cubemx/CMakeFiles/STM32_Drivers.dir/__/__/Drivers/STM32F7xx_HAL_Driver/Src/stm32f7xx_hal_spi.c.obj
 .text.SPI_EndRxTxTransaction
                0x08003d4c       0x84 cmake/stm32cubemx/CMakeFiles/STM32_Drivers.dir/__/__/Drivers/STM32F7xx_HAL_Driver/Src/stm32f7xx_hal_spi.c.obj
 .text.HAL_SPI_Init
                0x08003dd0       0xec cmake/stm32cubemx/CMakeFiles/STM32_Drivers.dir/__/__/Drivers/STM32F7xx_HAL_Driver/Src/stm32f7xx_hal_spi.c.obj
                0x08003dd0                HAL_SPI_Init
 .text.HAL_SPI_TransmitReceive
                0x08003ebc      0x298 cmake/stm32cubemx/CMakeFiles/STM32_Drivers.dir/__/__/Drivers/STM32F7xx_HAL_Driver/Src/stm32f7xx_hal_spi.c.obj
                0x08003ebc                HAL_SPI_TransmitReceive
 .text.HAL_TIM_ConfigClockSource
                0x08004154      0x154 cmake/stm32cubemx/CMakeFiles/STM32_Drivers.dir/__/__/Drivers/STM32F7xx_HAL_Driver/Src/stm32f7xx_hal_tim.c.obj
                0x08004154                HAL_TIM_ConfigClockSource
 .text.HAL_TIM_OC_DelayElapsedCallback
                0x080042a8        0x4 cmake/stm32cubemx/CMakeFiles/STM32_Drivers.dir/__/__/Drivers/STM32F7xx_HAL_Driver/Src/stm32f7xx_hal_tim.c.obj
                0x080042a8                HAL_TIM_OC_DelayElapsedCallback
 .text.HAL_TIM_IC_CaptureCallback
                0x080042ac        0x4 cmake/stm32cubemx/CMakeFiles/STM32_Drivers.dir/__/__/Drivers/STM32F7xx_HAL_Driver/Src/stm32f7xx_hal_tim.c.obj
                0x080042ac                HAL_TIM_IC_CaptureCallback
 .text.HAL_TIM_PWM_PulseFinishedCallback
                0x080042b0        0x4 cmake/stm32cubemx/CMakeFiles/STM32_Drivers.dir/__/__/Drivers/STM32F7xx_HAL_Driver/Src/stm32f7xx_hal_tim.c.obj
                0x080042b0                HAL_TIM_PWM_PulseFinishedCallback
 .text.HAL_TIM_TriggerCallback
                0x080042b4        0x4 cmake/stm32cubemx/CMakeFiles/STM32_Drivers.dir/__/__/Drivers/STM32F7xx_HAL_Driver/Src/stm32f7xx_hal_tim.c.obj
                0x080042b4                HAL_TIM_TriggerCallback
 .text.HAL_TIM_IRQHandler
                0x080042b8      0x158 cmake/stm32cubemx/CMakeFiles/STM32_Drivers.dir/__/__/Drivers/STM32F7xx_HAL_Driver/Src/stm32f7xx_hal_tim.c.obj
                0x080042b8                HAL_TIM_IRQHandler
 .text.TIM_Base_SetConfig
                0x08004410       0xe4 cmake/stm32cubemx/CMakeFiles/STM32_Drivers.dir/__/__/Drivers/STM32F7xx_HAL_Driver/Src/stm32f7xx_hal_tim.c.obj
                0x08004410                TIM_Base_SetConfig
 .text.HAL_TIM_Base_Init
                0x080044f4       0x64 cmake/stm32cubemx/CMakeFiles/STM32_Drivers.dir/__/__/Drivers/STM32F7xx_HAL_Driver/Src/stm32f7xx_hal_tim.c.obj
                0x080044f4                HAL_TIM_Base_Init
 .text.HAL_TIMEx_MasterConfigSynchronization
                0x08004558       0xb4 cmake/stm32cubemx/CMakeFiles/STM32_Drivers.dir/__/__/Drivers/STM32F7xx_HAL_Driver/Src/stm32f7xx_hal_tim_ex.c.obj
                0x08004558                HAL_TIMEx_MasterConfigSynchronization
 .text.HAL_TIMEx_CommutCallback
                0x0800460c        0x4 cmake/stm32cubemx/CMakeFiles/STM32_Drivers.dir/__/__/Drivers/STM32F7xx_HAL_Driver/Src/stm32f7xx_hal_tim_ex.c.obj
                0x0800460c                HAL_TIMEx_CommutCallback
 .text.HAL_TIMEx_BreakCallback
                0x08004610        0x4 cmake/stm32cubemx/CMakeFiles/STM32_Drivers.dir/__/__/Drivers/STM32F7xx_HAL_Driver/Src/stm32f7xx_hal_tim_ex.c.obj
                0x08004610                HAL_TIMEx_BreakCallback
 .text.HAL_TIMEx_Break2Callback
                0x08004614        0x4 cmake/stm32cubemx/CMakeFiles/STM32_Drivers.dir/__/__/Drivers/STM32F7xx_HAL_Driver/Src/stm32f7xx_hal_tim_ex.c.obj
                0x08004614                HAL_TIMEx_Break2Callback
 .text.UART_EndRxTransfer
                0x08004618       0x60 cmake/stm32cubemx/CMakeFiles/STM32_Drivers.dir/__/__/Drivers/STM32F7xx_HAL_Driver/Src/stm32f7xx_hal_uart.c.obj
 .text.HAL_UART_Transmit_DMA
                0x08004678       0x84 cmake/stm32cubemx/CMakeFiles/STM32_Drivers.dir/__/__/Drivers/STM32F7xx_HAL_Driver/Src/stm32f7xx_hal_uart.c.obj
                0x08004678                HAL_UART_Transmit_DMA
 .text.HAL_UART_Abort
                0x080046fc      0x108 cmake/stm32cubemx/CMakeFiles/STM32_Drivers.dir/__/__/Drivers/STM32F7xx_HAL_Driver/Src/stm32f7xx_hal_uart.c.obj
                0x080046fc                HAL_UART_Abort
 .text.HAL_UART_AbortReceive
                0x08004804       0xc0 cmake/stm32cubemx/CMakeFiles/STM32_Drivers.dir/__/__/Drivers/STM32F7xx_HAL_Driver/Src/stm32f7xx_hal_uart.c.obj
                0x08004804                HAL_UART_AbortReceive
 .text.HAL_UART_TxCpltCallback
                0x080048c4        0x4 cmake/stm32cubemx/CMakeFiles/STM32_Drivers.dir/__/__/Drivers/STM32F7xx_HAL_Driver/Src/stm32f7xx_hal_uart.c.obj
                0x080048c4                HAL_UART_TxCpltCallback
 .text.UART_DMATransmitCplt
                0x080048c8       0x44 cmake/stm32cubemx/CMakeFiles/STM32_Drivers.dir/__/__/Drivers/STM32F7xx_HAL_Driver/Src/stm32f7xx_hal_uart.c.obj
 .text.HAL_UART_TxHalfCpltCallback
                0x0800490c        0x4 cmake/stm32cubemx/CMakeFiles/STM32_Drivers.dir/__/__/Drivers/STM32F7xx_HAL_Driver/Src/stm32f7xx_hal_uart.c.obj
                0x0800490c                HAL_UART_TxHalfCpltCallback
 .text.UART_DMATxHalfCplt
                0x08004910        0xc cmake/stm32cubemx/CMakeFiles/STM32_Drivers.dir/__/__/Drivers/STM32F7xx_HAL_Driver/Src/stm32f7xx_hal_uart.c.obj
 .text.HAL_UART_RxCpltCallback
                0x0800491c        0x4 cmake/stm32cubemx/CMakeFiles/STM32_Drivers.dir/__/__/Drivers/STM32F7xx_HAL_Driver/Src/stm32f7xx_hal_uart.c.obj
                0x0800491c                HAL_UART_RxCpltCallback
 .text.HAL_UART_RxHalfCpltCallback
                0x08004920        0x4 cmake/stm32cubemx/CMakeFiles/STM32_Drivers.dir/__/__/Drivers/STM32F7xx_HAL_Driver/Src/stm32f7xx_hal_uart.c.obj
                0x08004920                HAL_UART_RxHalfCpltCallback
 .text.UART_DMAError
                0x08004924       0x5c cmake/stm32cubemx/CMakeFiles/STM32_Drivers.dir/__/__/Drivers/STM32F7xx_HAL_Driver/Src/stm32f7xx_hal_uart.c.obj
 .text.UART_DMAAbortOnError
                0x08004980       0x10 cmake/stm32cubemx/CMakeFiles/STM32_Drivers.dir/__/__/Drivers/STM32F7xx_HAL_Driver/Src/stm32f7xx_hal_uart.c.obj
 .text.HAL_UART_IRQHandler
                0x08004990      0x310 cmake/stm32cubemx/CMakeFiles/STM32_Drivers.dir/__/__/Drivers/STM32F7xx_HAL_Driver/Src/stm32f7xx_hal_uart.c.obj
                0x08004990                HAL_UART_IRQHandler
 .text.UART_DMARxHalfCplt
                0x08004ca0       0x3c cmake/stm32cubemx/CMakeFiles/STM32_Drivers.dir/__/__/Drivers/STM32F7xx_HAL_Driver/Src/stm32f7xx_hal_uart.c.obj
 .text.UART_DMAReceiveCplt
                0x08004cdc       0xbc cmake/stm32cubemx/CMakeFiles/STM32_Drivers.dir/__/__/Drivers/STM32F7xx_HAL_Driver/Src/stm32f7xx_hal_uart.c.obj
 .text.UART_SetConfig
                0x08004d98      0x2a0 cmake/stm32cubemx/CMakeFiles/STM32_Drivers.dir/__/__/Drivers/STM32F7xx_HAL_Driver/Src/stm32f7xx_hal_uart.c.obj
                0x08004d98                UART_SetConfig
 .text.UART_AdvFeatureConfig
                0x08005038       0xb0 cmake/stm32cubemx/CMakeFiles/STM32_Drivers.dir/__/__/Drivers/STM32F7xx_HAL_Driver/Src/stm32f7xx_hal_uart.c.obj
                0x08005038                UART_AdvFeatureConfig
 .text.UART_WaitOnFlagUntilTimeout
                0x080050e8       0x94 cmake/stm32cubemx/CMakeFiles/STM32_Drivers.dir/__/__/Drivers/STM32F7xx_HAL_Driver/Src/stm32f7xx_hal_uart.c.obj
                0x080050e8                UART_WaitOnFlagUntilTimeout
 .text.UART_CheckIdleState
                0x0800517c       0x64 cmake/stm32cubemx/CMakeFiles/STM32_Drivers.dir/__/__/Drivers/STM32F7xx_HAL_Driver/Src/stm32f7xx_hal_uart.c.obj
                0x0800517c                UART_CheckIdleState
 .text.UART_Start_Receive_DMA
                0x080051e0       0x9c cmake/stm32cubemx/CMakeFiles/STM32_Drivers.dir/__/__/Drivers/STM32F7xx_HAL_Driver/Src/stm32f7xx_hal_uart.c.obj
                0x080051e0                UART_Start_Receive_DMA
 .text.HAL_RS485Ex_Init
                0x0800527c       0x84 cmake/stm32cubemx/CMakeFiles/STM32_Drivers.dir/__/__/Drivers/STM32F7xx_HAL_Driver/Src/stm32f7xx_hal_uart_ex.c.obj
                0x0800527c                HAL_RS485Ex_Init
 .text.HAL_UARTEx_ReceiveToIdle_DMA
                0x08005300       0x48 cmake/stm32cubemx/CMakeFiles/STM32_Drivers.dir/__/__/Drivers/STM32F7xx_HAL_Driver/Src/stm32f7xx_hal_uart_ex.c.obj
                0x08005300                HAL_UARTEx_ReceiveToIdle_DMA
 .text.USBD_Init
                0x08005348       0x28 cmake/stm32cubemx/CMakeFiles/USB_Device_Library.dir/__/__/Middlewares/ST/STM32_USB_Device_Library/Core/Src/usbd_core.c.obj
                0x08005348                USBD_Init
 .text.USBD_RegisterClass
                0x08005370       0x38 cmake/stm32cubemx/CMakeFiles/USB_Device_Library.dir/__/__/Middlewares/ST/STM32_USB_Device_Library/Core/Src/usbd_core.c.obj
                0x08005370                USBD_RegisterClass
 .text.USBD_Start
                0x080053a8        0x4 cmake/stm32cubemx/CMakeFiles/USB_Device_Library.dir/__/__/Middlewares/ST/STM32_USB_Device_Library/Core/Src/usbd_core.c.obj
                0x080053a8                USBD_Start
 .text.USBD_SetClassConfig
                0x080053ac       0x10 cmake/stm32cubemx/CMakeFiles/USB_Device_Library.dir/__/__/Middlewares/ST/STM32_USB_Device_Library/Core/Src/usbd_core.c.obj
                0x080053ac                USBD_SetClassConfig
 .text.USBD_ClrClassConfig
                0x080053bc       0x14 cmake/stm32cubemx/CMakeFiles/USB_Device_Library.dir/__/__/Middlewares/ST/STM32_USB_Device_Library/Core/Src/usbd_core.c.obj
                0x080053bc                USBD_ClrClassConfig
 .text.USBD_LL_SetupStage
                0x080053d0       0x60 cmake/stm32cubemx/CMakeFiles/USB_Device_Library.dir/__/__/Middlewares/ST/STM32_USB_Device_Library/Core/Src/usbd_core.c.obj
                0x080053d0                USBD_LL_SetupStage
 .text.USBD_LL_DataOutStage
                0x08005430       0x80 cmake/stm32cubemx/CMakeFiles/USB_Device_Library.dir/__/__/Middlewares/ST/STM32_USB_Device_Library/Core/Src/usbd_core.c.obj
                0x08005430                USBD_LL_DataOutStage
 .text.USBD_LL_DataInStage
                0x080054b0       0xc0 cmake/stm32cubemx/CMakeFiles/USB_Device_Library.dir/__/__/Middlewares/ST/STM32_USB_Device_Library/Core/Src/usbd_core.c.obj
                0x080054b0                USBD_LL_DataInStage
 .text.USBD_LL_Reset
                0x08005570       0x5c cmake/stm32cubemx/CMakeFiles/USB_Device_Library.dir/__/__/Middlewares/ST/STM32_USB_Device_Library/Core/Src/usbd_core.c.obj
                0x08005570                USBD_LL_Reset
 .text.USBD_LL_SetSpeed
                0x080055cc        0x8 cmake/stm32cubemx/CMakeFiles/USB_Device_Library.dir/__/__/Middlewares/ST/STM32_USB_Device_Library/Core/Src/usbd_core.c.obj
                0x080055cc                USBD_LL_SetSpeed
 .text.USBD_LL_Suspend
                0x080055d4       0x20 cmake/stm32cubemx/CMakeFiles/USB_Device_Library.dir/__/__/Middlewares/ST/STM32_USB_Device_Library/Core/Src/usbd_core.c.obj
                0x080055d4                USBD_LL_Suspend
 .text.USBD_LL_Resume
                0x080055f4       0x18 cmake/stm32cubemx/CMakeFiles/USB_Device_Library.dir/__/__/Middlewares/ST/STM32_USB_Device_Library/Core/Src/usbd_core.c.obj
                0x080055f4                USBD_LL_Resume
 .text.USBD_LL_SOF
                0x0800560c       0x20 cmake/stm32cubemx/CMakeFiles/USB_Device_Library.dir/__/__/Middlewares/ST/STM32_USB_Device_Library/Core/Src/usbd_core.c.obj
                0x0800560c                USBD_LL_SOF
 .text.USBD_LL_IsoINIncomplete
                0x0800562c       0x2c cmake/stm32cubemx/CMakeFiles/USB_Device_Library.dir/__/__/Middlewares/ST/STM32_USB_Device_Library/Core/Src/usbd_core.c.obj
                0x0800562c                USBD_LL_IsoINIncomplete
 .text.USBD_LL_IsoOUTIncomplete
                0x08005658       0x2c cmake/stm32cubemx/CMakeFiles/USB_Device_Library.dir/__/__/Middlewares/ST/STM32_USB_Device_Library/Core/Src/usbd_core.c.obj
                0x08005658                USBD_LL_IsoOUTIncomplete
 .text.USBD_LL_DevConnected
                0x08005684        0x4 cmake/stm32cubemx/CMakeFiles/USB_Device_Library.dir/__/__/Middlewares/ST/STM32_USB_Device_Library/Core/Src/usbd_core.c.obj
                0x08005684                USBD_LL_DevConnected
 .text.USBD_LL_DevDisconnected
                0x08005688       0x24 cmake/stm32cubemx/CMakeFiles/USB_Device_Library.dir/__/__/Middlewares/ST/STM32_USB_Device_Library/Core/Src/usbd_core.c.obj
                0x08005688                USBD_LL_DevDisconnected
 .text.USBD_CoreFindIF
                0x080056ac        0x4 cmake/stm32cubemx/CMakeFiles/USB_Device_Library.dir/__/__/Middlewares/ST/STM32_USB_Device_Library/Core/Src/usbd_core.c.obj
                0x080056ac                USBD_CoreFindIF
 .text.USBD_CoreFindEP
                0x080056b0        0x4 cmake/stm32cubemx/CMakeFiles/USB_Device_Library.dir/__/__/Middlewares/ST/STM32_USB_Device_Library/Core/Src/usbd_core.c.obj
                0x080056b0                USBD_CoreFindEP
 .text.USBD_GetEpDesc
                0x080056b4       0x2c cmake/stm32cubemx/CMakeFiles/USB_Device_Library.dir/__/__/Middlewares/ST/STM32_USB_Device_Library/Core/Src/usbd_core.c.obj
                0x080056b4                USBD_GetEpDesc
 .text.USBD_StdDevReq
                0x080056e0      0x37c cmake/stm32cubemx/CMakeFiles/USB_Device_Library.dir/__/__/Middlewares/ST/STM32_USB_Device_Library/Core/Src/usbd_ctlreq.c.obj
                0x080056e0                USBD_StdDevReq
 .text.USBD_StdItfReq
                0x08005a5c       0x78 cmake/stm32cubemx/CMakeFiles/USB_Device_Library.dir/__/__/Middlewares/ST/STM32_USB_Device_Library/Core/Src/usbd_ctlreq.c.obj
                0x08005a5c                USBD_StdItfReq
 .text.USBD_StdEPReq
                0x08005ad4      0x164 cmake/stm32cubemx/CMakeFiles/USB_Device_Library.dir/__/__/Middlewares/ST/STM32_USB_Device_Library/Core/Src/usbd_ctlreq.c.obj
                0x08005ad4                USBD_StdEPReq
 .text.USBD_ParseSetupRequest
                0x08005c38       0x18 cmake/stm32cubemx/CMakeFiles/USB_Device_Library.dir/__/__/Middlewares/ST/STM32_USB_Device_Library/Core/Src/usbd_ctlreq.c.obj
                0x08005c38                USBD_ParseSetupRequest
 .text.USBD_CtlError
                0x08005c50       0x18 cmake/stm32cubemx/CMakeFiles/USB_Device_Library.dir/__/__/Middlewares/ST/STM32_USB_Device_Library/Core/Src/usbd_ctlreq.c.obj
                0x08005c50                USBD_CtlError
 .text.USBD_GetString
                0x08005c68       0x58 cmake/stm32cubemx/CMakeFiles/USB_Device_Library.dir/__/__/Middlewares/ST/STM32_USB_Device_Library/Core/Src/usbd_ctlreq.c.obj
                0x08005c68                USBD_GetString
 .text.USBD_CtlSendData
                0x08005cc0       0x1c cmake/stm32cubemx/CMakeFiles/USB_Device_Library.dir/__/__/Middlewares/ST/STM32_USB_Device_Library/Core/Src/usbd_ioreq.c.obj
                0x08005cc0                USBD_CtlSendData
 .text.USBD_CtlContinueSendData
                0x08005cdc       0x14 cmake/stm32cubemx/CMakeFiles/USB_Device_Library.dir/__/__/Middlewares/ST/STM32_USB_Device_Library/Core/Src/usbd_ioreq.c.obj
                0x08005cdc                USBD_CtlContinueSendData
 .text.USBD_CtlPrepareRx
                0x08005cf0       0x20 cmake/stm32cubemx/CMakeFiles/USB_Device_Library.dir/__/__/Middlewares/ST/STM32_USB_Device_Library/Core/Src/usbd_ioreq.c.obj
                0x08005cf0                USBD_CtlPrepareRx
 .text.USBD_CtlContinueRx
                0x08005d10       0x14 cmake/stm32cubemx/CMakeFiles/USB_Device_Library.dir/__/__/Middlewares/ST/STM32_USB_Device_Library/Core/Src/usbd_ioreq.c.obj
                0x08005d10                USBD_CtlContinueRx
 .text.USBD_CtlSendStatus
                0x08005d24       0x18 cmake/stm32cubemx/CMakeFiles/USB_Device_Library.dir/__/__/Middlewares/ST/STM32_USB_Device_Library/Core/Src/usbd_ioreq.c.obj
                0x08005d24                USBD_CtlSendStatus
 .text.USBD_CtlReceiveStatus
                0x08005d3c       0x18 cmake/stm32cubemx/CMakeFiles/USB_Device_Library.dir/__/__/Middlewares/ST/STM32_USB_Device_Library/Core/Src/usbd_ioreq.c.obj
                0x08005d3c                USBD_CtlReceiveStatus
 .text.USBD_CDC_EP0_RxReady
                0x08005d54       0x38 cmake/stm32cubemx/CMakeFiles/USB_Device_Library.dir/__/__/Middlewares/ST/STM32_USB_Device_Library/Class/CDC/Src/usbd_cdc.c.obj
 .text.USBD_CDC_GetDeviceQualifierDescriptor
                0x08005d8c       0x10 cmake/stm32cubemx/CMakeFiles/USB_Device_Library.dir/__/__/Middlewares/ST/STM32_USB_Device_Library/Class/CDC/Src/usbd_cdc.c.obj
                0x08005d8c                USBD_CDC_GetDeviceQualifierDescriptor
 .text.USBD_CDC_GetFSCfgDesc
                0x08005d9c       0x48 cmake/stm32cubemx/CMakeFiles/USB_Device_Library.dir/__/__/Middlewares/ST/STM32_USB_Device_Library/Class/CDC/Src/usbd_cdc.c.obj
 .text.USBD_CDC_GetOtherSpeedCfgDesc
                0x08005de4        0x4 cmake/stm32cubemx/CMakeFiles/USB_Device_Library.dir/__/__/Middlewares/ST/STM32_USB_Device_Library/Class/CDC/Src/usbd_cdc.c.obj
 .text.USBD_CDC_GetHSCfgDesc
                0x08005de8       0x48 cmake/stm32cubemx/CMakeFiles/USB_Device_Library.dir/__/__/Middlewares/ST/STM32_USB_Device_Library/Class/CDC/Src/usbd_cdc.c.obj
 .text.USBD_CDC_DataOut
                0x08005e30       0x38 cmake/stm32cubemx/CMakeFiles/USB_Device_Library.dir/__/__/Middlewares/ST/STM32_USB_Device_Library/Class/CDC/Src/usbd_cdc.c.obj
 .text.USBD_CDC_DataIn
                0x08005e68       0x6c cmake/stm32cubemx/CMakeFiles/USB_Device_Library.dir/__/__/Middlewares/ST/STM32_USB_Device_Library/Class/CDC/Src/usbd_cdc.c.obj
 .text.USBD_CDC_Setup
                0x08005ed4       0xfc cmake/stm32cubemx/CMakeFiles/USB_Device_Library.dir/__/__/Middlewares/ST/STM32_USB_Device_Library/Class/CDC/Src/usbd_cdc.c.obj
 .text.USBD_CDC_DeInit
                0x08005fd0       0x60 cmake/stm32cubemx/CMakeFiles/USB_Device_Library.dir/__/__/Middlewares/ST/STM32_USB_Device_Library/Class/CDC/Src/usbd_cdc.c.obj
 .text.USBD_CDC_Init
                0x08006030       0xc8 cmake/stm32cubemx/CMakeFiles/USB_Device_Library.dir/__/__/Middlewares/ST/STM32_USB_Device_Library/Class/CDC/Src/usbd_cdc.c.obj
 .text.USBD_CDC_RegisterInterface
                0x080060f8       0x18 cmake/stm32cubemx/CMakeFiles/USB_Device_Library.dir/__/__/Middlewares/ST/STM32_USB_Device_Library/Class/CDC/Src/usbd_cdc.c.obj
                0x080060f8                USBD_CDC_RegisterInterface
 .text.USBD_CDC_SetTxBuffer
                0x08006110       0x1c cmake/stm32cubemx/CMakeFiles/USB_Device_Library.dir/__/__/Middlewares/ST/STM32_USB_Device_Library/Class/CDC/Src/usbd_cdc.c.obj
                0x08006110                USBD_CDC_SetTxBuffer
 .text.USBD_CDC_SetRxBuffer
                0x0800612c       0x18 cmake/stm32cubemx/CMakeFiles/USB_Device_Library.dir/__/__/Middlewares/ST/STM32_USB_Device_Library/Class/CDC/Src/usbd_cdc.c.obj
                0x0800612c                USBD_CDC_SetRxBuffer
 .text.USBD_CDC_TransmitPacket
                0x08006144       0x38 cmake/stm32cubemx/CMakeFiles/USB_Device_Library.dir/__/__/Middlewares/ST/STM32_USB_Device_Library/Class/CDC/Src/usbd_cdc.c.obj
                0x08006144                USBD_CDC_TransmitPacket
 .text.USBD_CDC_ReceivePacket
                0x0800617c       0x34 cmake/stm32cubemx/CMakeFiles/USB_Device_Library.dir/__/__/Middlewares/ST/STM32_USB_Device_Library/Class/CDC/Src/usbd_cdc.c.obj
                0x0800617c                USBD_CDC_ReceivePacket
 .text.HAL_PCD_MspInit
                0x080061b0       0xf0 CMakeFiles/TheBox_V3_0.dir/USB_DEVICE/Target/usbd_conf.c.obj
                0x080061b0                HAL_PCD_MspInit
 .text.HAL_PCD_SetupStageCallback
                0x080062a0        0xc CMakeFiles/TheBox_V3_0.dir/USB_DEVICE/Target/usbd_conf.c.obj
                0x080062a0                HAL_PCD_SetupStageCallback
 .text.HAL_PCD_DataOutStageCallback
                0x080062ac       0x14 CMakeFiles/TheBox_V3_0.dir/USB_DEVICE/Target/usbd_conf.c.obj
                0x080062ac                HAL_PCD_DataOutStageCallback
 .text.HAL_PCD_DataInStageCallback
                0x080062c0       0x14 CMakeFiles/TheBox_V3_0.dir/USB_DEVICE/Target/usbd_conf.c.obj
                0x080062c0                HAL_PCD_DataInStageCallback
 .text.HAL_PCD_SOFCallback
                0x080062d4        0x8 CMakeFiles/TheBox_V3_0.dir/USB_DEVICE/Target/usbd_conf.c.obj
                0x080062d4                HAL_PCD_SOFCallback
 .text.HAL_PCD_ResetCallback
                0x080062dc       0x2c CMakeFiles/TheBox_V3_0.dir/USB_DEVICE/Target/usbd_conf.c.obj
                0x080062dc                HAL_PCD_ResetCallback
 .text.HAL_PCD_SuspendCallback
                0x08006308       0x30 CMakeFiles/TheBox_V3_0.dir/USB_DEVICE/Target/usbd_conf.c.obj
                0x08006308                HAL_PCD_SuspendCallback
 .text.HAL_PCD_ResumeCallback
                0x08006338        0x8 CMakeFiles/TheBox_V3_0.dir/USB_DEVICE/Target/usbd_conf.c.obj
                0x08006338                HAL_PCD_ResumeCallback
 .text.HAL_PCD_ISOOUTIncompleteCallback
                0x08006340        0x8 CMakeFiles/TheBox_V3_0.dir/USB_DEVICE/Target/usbd_conf.c.obj
                0x08006340                HAL_PCD_ISOOUTIncompleteCallback
 .text.HAL_PCD_ISOINIncompleteCallback
                0x08006348        0x8 CMakeFiles/TheBox_V3_0.dir/USB_DEVICE/Target/usbd_conf.c.obj
                0x08006348                HAL_PCD_ISOINIncompleteCallback
 .text.HAL_PCD_ConnectCallback
                0x08006350        0x8 CMakeFiles/TheBox_V3_0.dir/USB_DEVICE/Target/usbd_conf.c.obj
                0x08006350                HAL_PCD_ConnectCallback
 .text.HAL_PCD_DisconnectCallback
                0x08006358        0x8 CMakeFiles/TheBox_V3_0.dir/USB_DEVICE/Target/usbd_conf.c.obj
                0x08006358                HAL_PCD_DisconnectCallback
 .text.USBD_LL_Init
                0x08006360       0x68 CMakeFiles/TheBox_V3_0.dir/USB_DEVICE/Target/usbd_conf.c.obj
                0x08006360                USBD_LL_Init
 .text.USBD_LL_Start
                0x080063c8       0x18 CMakeFiles/TheBox_V3_0.dir/USB_DEVICE/Target/usbd_conf.c.obj
                0x080063c8                USBD_LL_Start
 .text.USBD_LL_OpenEP
                0x080063e0       0x1c CMakeFiles/TheBox_V3_0.dir/USB_DEVICE/Target/usbd_conf.c.obj
                0x080063e0                USBD_LL_OpenEP
 .text.USBD_LL_CloseEP
                0x080063fc       0x18 CMakeFiles/TheBox_V3_0.dir/USB_DEVICE/Target/usbd_conf.c.obj
                0x080063fc                USBD_LL_CloseEP
 .text.USBD_LL_StallEP
                0x08006414       0x18 CMakeFiles/TheBox_V3_0.dir/USB_DEVICE/Target/usbd_conf.c.obj
                0x08006414                USBD_LL_StallEP
 .text.USBD_LL_ClearStallEP
                0x0800642c       0x18 CMakeFiles/TheBox_V3_0.dir/USB_DEVICE/Target/usbd_conf.c.obj
                0x0800642c                USBD_LL_ClearStallEP
 .text.USBD_LL_IsStallEP
                0x08006444       0x28 CMakeFiles/TheBox_V3_0.dir/USB_DEVICE/Target/usbd_conf.c.obj
                0x08006444                USBD_LL_IsStallEP
 .text.USBD_LL_SetUSBAddress
                0x0800646c       0x18 CMakeFiles/TheBox_V3_0.dir/USB_DEVICE/Target/usbd_conf.c.obj
                0x0800646c                USBD_LL_SetUSBAddress
 .text.USBD_LL_Transmit
                0x08006484       0x18 CMakeFiles/TheBox_V3_0.dir/USB_DEVICE/Target/usbd_conf.c.obj
                0x08006484                USBD_LL_Transmit
 .text.USBD_LL_PrepareReceive
                0x0800649c       0x18 CMakeFiles/TheBox_V3_0.dir/USB_DEVICE/Target/usbd_conf.c.obj
                0x0800649c                USBD_LL_PrepareReceive
 .text.USBD_LL_GetRxDataSize
                0x080064b4        0x8 CMakeFiles/TheBox_V3_0.dir/USB_DEVICE/Target/usbd_conf.c.obj
                0x080064b4                USBD_LL_GetRxDataSize
 .text.HAL_PCDEx_LPM_Callback
                0x080064bc       0x64 CMakeFiles/TheBox_V3_0.dir/USB_DEVICE/Target/usbd_conf.c.obj
                0x080064bc                HAL_PCDEx_LPM_Callback
 .text.MX_USB_DEVICE_Init
                0x08006520       0x88 CMakeFiles/TheBox_V3_0.dir/USB_DEVICE/App/usb_device.c.obj
                0x08006520                MX_USB_DEVICE_Init
 .text.USBD_HS_DeviceDescriptor
                0x080065a8        0xc CMakeFiles/TheBox_V3_0.dir/USB_DEVICE/App/usbd_desc.c.obj
                0x080065a8                USBD_HS_DeviceDescriptor
 .text.USBD_HS_LangIDStrDescriptor
                0x080065b4        0xc CMakeFiles/TheBox_V3_0.dir/USB_DEVICE/App/usbd_desc.c.obj
                0x080065b4                USBD_HS_LangIDStrDescriptor
 .text.USBD_HS_USR_BOSDescriptor
                0x080065c0        0xc CMakeFiles/TheBox_V3_0.dir/USB_DEVICE/App/usbd_desc.c.obj
                0x080065c0                USBD_HS_USR_BOSDescriptor
 .text.USBD_HS_ManufacturerStrDescriptor
                0x080065cc       0x1c CMakeFiles/TheBox_V3_0.dir/USB_DEVICE/App/usbd_desc.c.obj
                0x080065cc                USBD_HS_ManufacturerStrDescriptor
 .text.USBD_HS_ProductStrDescriptor
                0x080065e8       0x1c CMakeFiles/TheBox_V3_0.dir/USB_DEVICE/App/usbd_desc.c.obj
                0x080065e8                USBD_HS_ProductStrDescriptor
 .text.USBD_HS_ConfigStrDescriptor
                0x08006604       0x1c CMakeFiles/TheBox_V3_0.dir/USB_DEVICE/App/usbd_desc.c.obj
                0x08006604                USBD_HS_ConfigStrDescriptor
 .text.USBD_HS_InterfaceStrDescriptor
                0x08006620       0x1c CMakeFiles/TheBox_V3_0.dir/USB_DEVICE/App/usbd_desc.c.obj
                0x08006620                USBD_HS_InterfaceStrDescriptor
 .text.USBD_HS_SerialStrDescriptor
                0x0800663c        0xc CMakeFiles/TheBox_V3_0.dir/USB_DEVICE/App/usbd_desc.c.obj
                0x0800663c                USBD_HS_SerialStrDescriptor
 .text.CDC_DeInit_HS
                0x08006648        0x4 CMakeFiles/TheBox_V3_0.dir/USB_DEVICE/App/usbd_cdc_if.c.obj
 .text.CDC_Control_HS
                0x0800664c       0x18 CMakeFiles/TheBox_V3_0.dir/USB_DEVICE/App/usbd_cdc_if.c.obj
 .text.CDC_TransmitCplt_HS
                0x08006664        0x4 CMakeFiles/TheBox_V3_0.dir/USB_DEVICE/App/usbd_cdc_if.c.obj
 .text.CDC_Receive_HS
                0x08006668       0x24 CMakeFiles/TheBox_V3_0.dir/USB_DEVICE/App/usbd_cdc_if.c.obj
 .text.CDC_Init_HS
                0x0800668c       0x28 CMakeFiles/TheBox_V3_0.dir/USB_DEVICE/App/usbd_cdc_if.c.obj
 .text.CDC_Transmit_HS
                0x080066b4       0x2c CMakeFiles/TheBox_V3_0.dir/USB_DEVICE/App/usbd_cdc_if.c.obj
                0x080066b4                CDC_Transmit_HS
 .text.SystemClock_Config
                0x080066e0       0xac CMakeFiles/TheBox_V3_0.dir/Core/Src/main.c.obj
                0x080066e0                SystemClock_Config
 .text.startup.main
                0x0800678c      0x4ec CMakeFiles/TheBox_V3_0.dir/Core/Src/main.c.obj
                0x0800678c                main
 .text.HAL_TIM_PeriodElapsedCallback
                0x08006c78       0x40 CMakeFiles/TheBox_V3_0.dir/Core/Src/main.c.obj
                0x08006c78                HAL_TIM_PeriodElapsedCallback
 .text.Error_Handler
                0x08006cb8        0x4 CMakeFiles/TheBox_V3_0.dir/Core/Src/main.c.obj
                0x08006cb8                Error_Handler
 .text.NMI_Handler
                0x08006cbc        0x4 CMakeFiles/TheBox_V3_0.dir/Core/Src/stm32f7xx_it.c.obj
                0x08006cbc                NMI_Handler
 .text.HardFault_Handler
                0x08006cc0        0x4 CMakeFiles/TheBox_V3_0.dir/Core/Src/stm32f7xx_it.c.obj
                0x08006cc0                HardFault_Handler
 .text.MemManage_Handler
                0x08006cc4        0x4 CMakeFiles/TheBox_V3_0.dir/Core/Src/stm32f7xx_it.c.obj
                0x08006cc4                MemManage_Handler
 .text.BusFault_Handler
                0x08006cc8        0x4 CMakeFiles/TheBox_V3_0.dir/Core/Src/stm32f7xx_it.c.obj
                0x08006cc8                BusFault_Handler
 .text.UsageFault_Handler
                0x08006ccc        0x4 CMakeFiles/TheBox_V3_0.dir/Core/Src/stm32f7xx_it.c.obj
                0x08006ccc                UsageFault_Handler
 .text.SVC_Handler
                0x08006cd0        0x4 CMakeFiles/TheBox_V3_0.dir/Core/Src/stm32f7xx_it.c.obj
                0x08006cd0                SVC_Handler
 .text.DebugMon_Handler
                0x08006cd4        0x4 CMakeFiles/TheBox_V3_0.dir/Core/Src/stm32f7xx_it.c.obj
                0x08006cd4                DebugMon_Handler
 .text.PendSV_Handler
                0x08006cd8        0x4 CMakeFiles/TheBox_V3_0.dir/Core/Src/stm32f7xx_it.c.obj
                0x08006cd8                PendSV_Handler
 .text.SysTick_Handler
                0x08006cdc        0x4 CMakeFiles/TheBox_V3_0.dir/Core/Src/stm32f7xx_it.c.obj
                0x08006cdc                SysTick_Handler
 .text.DMA1_Stream2_IRQHandler
                0x08006ce0        0xc CMakeFiles/TheBox_V3_0.dir/Core/Src/stm32f7xx_it.c.obj
                0x08006ce0                DMA1_Stream2_IRQHandler
 .text.DMA1_Stream4_IRQHandler
                0x08006cec        0xc CMakeFiles/TheBox_V3_0.dir/Core/Src/stm32f7xx_it.c.obj
                0x08006cec                DMA1_Stream4_IRQHandler
 .text.TIM2_IRQHandler
                0x08006cf8        0xc CMakeFiles/TheBox_V3_0.dir/Core/Src/stm32f7xx_it.c.obj
                0x08006cf8                TIM2_IRQHandler
 .text.UART4_IRQHandler
                0x08006d04        0xc CMakeFiles/TheBox_V3_0.dir/Core/Src/stm32f7xx_it.c.obj
                0x08006d04                UART4_IRQHandler
 .text.OTG_HS_IRQHandler
                0x08006d10        0xc CMakeFiles/TheBox_V3_0.dir/Core/Src/stm32f7xx_it.c.obj
                0x08006d10                OTG_HS_IRQHandler
 .text.HAL_MspInit
                0x08006d1c       0x30 CMakeFiles/TheBox_V3_0.dir/Core/Src/stm32f7xx_hal_msp.c.obj
                0x08006d1c                HAL_MspInit
 .text.HAL_CRC_MspInit
                0x08006d4c       0x2c CMakeFiles/TheBox_V3_0.dir/Core/Src/stm32f7xx_hal_msp.c.obj
                0x08006d4c                HAL_CRC_MspInit
 .text.HAL_SPI_MspInit
                0x08006d78       0xc4 CMakeFiles/TheBox_V3_0.dir/Core/Src/stm32f7xx_hal_msp.c.obj
                0x08006d78                HAL_SPI_MspInit
 .text.HAL_TIM_Base_MspInit
                0x08006e3c       0x64 CMakeFiles/TheBox_V3_0.dir/Core/Src/stm32f7xx_hal_msp.c.obj
                0x08006e3c                HAL_TIM_Base_MspInit
 .text.HAL_UART_MspInit
                0x08006ea0      0x160 CMakeFiles/TheBox_V3_0.dir/Core/Src/stm32f7xx_hal_msp.c.obj
                0x08006ea0                HAL_UART_MspInit
 .text._sbrk    0x08007000       0x48 CMakeFiles/TheBox_V3_0.dir/Core/Src/sysmem.c.obj
                0x08007000                _sbrk
 .text.Reset_Handler
                0x08007048       0x50 CMakeFiles/TheBox_V3_0.dir/startup_stm32f722xx.s.obj
                0x08007048                Reset_Handler
 .text.Default_Handler
                0x08007098        0x2 CMakeFiles/TheBox_V3_0.dir/startup_stm32f722xx.s.obj
                0x08007098                RTC_Alarm_IRQHandler
                0x08007098                EXTI2_IRQHandler
                0x08007098                TIM8_CC_IRQHandler
                0x08007098                UART8_IRQHandler
                0x08007098                SPI4_IRQHandler
                0x08007098                TIM1_CC_IRQHandler
                0x08007098                DMA2_Stream5_IRQHandler
                0x08007098                DMA1_Stream5_IRQHandler
                0x08007098                PVD_IRQHandler
                0x08007098                TAMP_STAMP_IRQHandler
                0x08007098                EXTI3_IRQHandler
                0x08007098                TIM8_TRG_COM_TIM14_IRQHandler
                0x08007098                TIM1_UP_TIM10_IRQHandler
                0x08007098                TIM8_UP_TIM13_IRQHandler
                0x08007098                I2C3_ER_IRQHandler
                0x08007098                EXTI0_IRQHandler
                0x08007098                I2C2_EV_IRQHandler
                0x08007098                CAN1_RX0_IRQHandler
                0x08007098                FPU_IRQHandler
                0x08007098                OTG_HS_WKUP_IRQHandler
                0x08007098                DMA2_Stream2_IRQHandler
                0x08007098                SPI1_IRQHandler
                0x08007098                TIM6_DAC_IRQHandler
                0x08007098                TIM1_BRK_TIM9_IRQHandler
                0x08007098                DMA2_Stream3_IRQHandler
                0x08007098                SAI2_IRQHandler
                0x08007098                USART6_IRQHandler
                0x08007098                USART3_IRQHandler
                0x08007098                CAN1_RX1_IRQHandler
                0x08007098                UART5_IRQHandler
                0x08007098                DMA2_Stream0_IRQHandler
                0x08007098                TIM4_IRQHandler
                0x08007098                QUADSPI_IRQHandler
                0x08007098                I2C1_EV_IRQHandler
                0x08007098                DMA1_Stream6_IRQHandler
                0x08007098                DMA1_Stream1_IRQHandler
                0x08007098                TIM3_IRQHandler
                0x08007098                RCC_IRQHandler
                0x08007098                TIM8_BRK_TIM12_IRQHandler
                0x08007098                Default_Handler
                0x08007098                EXTI15_10_IRQHandler
                0x08007098                ADC_IRQHandler
                0x08007098                DMA1_Stream7_IRQHandler
                0x08007098                SPI5_IRQHandler
                0x08007098                TIM7_IRQHandler
                0x08007098                SDMMC1_IRQHandler
                0x08007098                TIM5_IRQHandler
                0x08007098                DMA2_Stream7_IRQHandler
                0x08007098                I2C3_EV_IRQHandler
                0x08007098                EXTI9_5_IRQHandler
                0x08007098                RTC_WKUP_IRQHandler
                0x08007098                SPI2_IRQHandler
                0x08007098                OTG_HS_EP1_IN_IRQHandler
                0x08007098                DMA1_Stream0_IRQHandler
                0x08007098                CAN1_TX_IRQHandler
                0x08007098                EXTI4_IRQHandler
                0x08007098                RNG_IRQHandler
                0x08007098                OTG_HS_EP1_OUT_IRQHandler
                0x08007098                WWDG_IRQHandler
                0x08007098                OTG_FS_WKUP_IRQHandler
                0x08007098                TIM1_TRG_COM_TIM11_IRQHandler
                0x08007098                EXTI1_IRQHandler
                0x08007098                SDMMC2_IRQHandler
                0x08007098                UART7_IRQHandler
                0x08007098                USART2_IRQHandler
                0x08007098                I2C2_ER_IRQHandler
                0x08007098                DMA2_Stream1_IRQHandler
                0x08007098                CAN1_SCE_IRQHandler
                0x08007098                FLASH_IRQHandler
                0x08007098                DMA2_Stream4_IRQHandler
                0x08007098                USART1_IRQHandler
                0x08007098                OTG_FS_IRQHandler
                0x08007098                SPI3_IRQHandler
                0x08007098                I2C1_ER_IRQHandler
                0x08007098                FMC_IRQHandler
                0x08007098                LPTIM1_IRQHandler
                0x08007098                DMA2_Stream6_IRQHandler
                0x08007098                SAI1_IRQHandler
                0x08007098                DMA1_Stream3_IRQHandler
 *fill*         0x0800709a        0x2 
 .text.delay_us
                0x0800709c       0x20 CMakeFiles/TheBox_V3_0.dir/modbus_rtu/modbus_rtu.c.obj
                0x0800709c                delay_us
 .text.HAL_UARTEx_RxEventCallback
                0x080070bc       0x48 CMakeFiles/TheBox_V3_0.dir/modbus_rtu/modbus_rtu.c.obj
                0x080070bc                HAL_UARTEx_RxEventCallback
 .text.HAL_UART_ErrorCallback
                0x08007104       0x40 CMakeFiles/TheBox_V3_0.dir/modbus_rtu/modbus_rtu.c.obj
                0x08007104                HAL_UART_ErrorCallback
 .text.Modbus_Master_SendReceive
                0x08007144       0xc4 CMakeFiles/TheBox_V3_0.dir/modbus_rtu/modbus_rtu.c.obj
                0x08007144                Modbus_Master_SendReceive
 .text.Modbus_CMD50_ReadBytes
                0x08007208       0x8c CMakeFiles/TheBox_V3_0.dir/modbus_rtu/modbus_rtu.c.obj
                0x08007208                Modbus_CMD50_ReadBytes
 .text.Modbus_CMD51_WriteBytes
                0x08007294       0x60 CMakeFiles/TheBox_V3_0.dir/modbus_rtu/modbus_rtu.c.obj
                0x08007294                Modbus_CMD51_WriteBytes
 .text.Modbus_CMD60_TriggerMeasurement
                0x080072f4       0x40 CMakeFiles/TheBox_V3_0.dir/modbus_rtu/modbus_rtu.c.obj
                0x080072f4                Modbus_CMD60_TriggerMeasurement
 .text.Modbus_CMD61_BroadcastReportUID
                0x08007334      0x158 CMakeFiles/TheBox_V3_0.dir/modbus_rtu/modbus_rtu.c.obj
                0x08007334                Modbus_CMD61_BroadcastReportUID
 .text.Modbus_CMD62_BroadcastSetSlaveID
                0x0800748c       0x60 CMakeFiles/TheBox_V3_0.dir/modbus_rtu/modbus_rtu.c.obj
                0x0800748c                Modbus_CMD62_BroadcastSetSlaveID
 .text.Get_MagSensors_Plugged
                0x080074ec      0x13c CMakeFiles/TheBox_V3_0.dir/modbus_rtu/mag_sensor.c.obj
                0x080074ec                Get_MagSensors_Plugged
 .text.Get_MagSensor_Config
                0x08007628       0x18 CMakeFiles/TheBox_V3_0.dir/modbus_rtu/mag_sensor.c.obj
                0x08007628                Get_MagSensor_Config
 .text.Set_MagSensor_Config
                0x08007640       0x30 CMakeFiles/TheBox_V3_0.dir/modbus_rtu/mag_sensor.c.obj
                0x08007640                Set_MagSensor_Config
 .text.Get_MagSensors_Data
                0x08007670       0x78 CMakeFiles/TheBox_V3_0.dir/modbus_rtu/mag_sensor.c.obj
                0x08007670                Get_MagSensors_Data
 .text.Check_MagSensors_SlaveID
                0x080076e8       0xe8 CMakeFiles/TheBox_V3_0.dir/modbus_rtu/mag_sensor.c.obj
                0x080076e8                Check_MagSensors_SlaveID
 .text.Update_TimeStamp
                0x080077d0       0x50 CMakeFiles/TheBox_V3_0.dir/modbus_rtu/mag_sensor.c.obj
                0x080077d0                Update_TimeStamp
 .text.PC_TRANS_Assemble
                0x08007820      0x100 CMakeFiles/TheBox_V3_0.dir/modbus_rtu/mag_sensor.c.obj
                0x08007820                PC_TRANS_Assemble
 .text.IMU_SPI_WriteReg
                0x08007920       0x68 CMakeFiles/TheBox_V3_0.dir/ICM42688P/ICM42688P.c.obj
                0x08007920                IMU_SPI_WriteReg
 .text.ICM42688_Init
                0x08007988      0x108 CMakeFiles/TheBox_V3_0.dir/ICM42688P/ICM42688P.c.obj
                0x08007988                ICM42688_Init
 .text.usb_comm_init
                0x08007a90       0x20 CMakeFiles/TheBox_V3_0.dir/usb_comm/usb_comm.c.obj
                0x08007a90                usb_comm_init
 .text.usb_comm_parse_command
                0x08007ab0       0xa8 CMakeFiles/TheBox_V3_0.dir/usb_comm/usb_comm.c.obj
                0x08007ab0                usb_comm_parse_command
 .text.usb_comm_receive_handler
                0x08007b58       0x40 CMakeFiles/TheBox_V3_0.dir/usb_comm/usb_comm.c.obj
                0x08007b58                usb_comm_receive_handler
 .text.calloc   0x08007b98       0x10 C:/ST/STM32CubeCLT_1.17.0/GNU-tools-for-STM32/bin/../lib/gcc/arm-none-eabi/12.3.1/../../../../arm-none-eabi/lib/thumb/v7e-m+fp/hard\libg_nano.a(libc_a-calloc.o)
                0x08007b98                calloc
 .text._calloc_r
                0x08007ba8       0x28 C:/ST/STM32CubeCLT_1.17.0/GNU-tools-for-STM32/bin/../lib/gcc/arm-none-eabi/12.3.1/../../../../arm-none-eabi/lib/thumb/v7e-m+fp/hard\libg_nano.a(libc_a-callocr.o)
                0x08007ba8                _calloc_r
 .text.malloc   0x08007bd0       0x10 C:/ST/STM32CubeCLT_1.17.0/GNU-tools-for-STM32/bin/../lib/gcc/arm-none-eabi/12.3.1/../../../../arm-none-eabi/lib/thumb/v7e-m+fp/hard\libg_nano.a(libc_a-malloc.o)
                0x08007bd0                malloc
 .text.free     0x08007be0       0x10 C:/ST/STM32CubeCLT_1.17.0/GNU-tools-for-STM32/bin/../lib/gcc/arm-none-eabi/12.3.1/../../../../arm-none-eabi/lib/thumb/v7e-m+fp/hard\libg_nano.a(libc_a-malloc.o)
                0x08007be0                free
 .text.memcmp   0x08007bf0       0x20 C:/ST/STM32CubeCLT_1.17.0/GNU-tools-for-STM32/bin/../lib/gcc/arm-none-eabi/12.3.1/../../../../arm-none-eabi/lib/thumb/v7e-m+fp/hard\libg_nano.a(libc_a-memcmp.o)
                0x08007bf0                memcmp
 .text.__errno  0x08007c10        0xc C:/ST/STM32CubeCLT_1.17.0/GNU-tools-for-STM32/bin/../lib/gcc/arm-none-eabi/12.3.1/../../../../arm-none-eabi/lib/thumb/v7e-m+fp/hard\libg_nano.a(libc_a-errno.o)
                0x08007c10                __errno
 .text.memcpy   0x08007c1c       0x1c C:/ST/STM32CubeCLT_1.17.0/GNU-tools-for-STM32/bin/../lib/gcc/arm-none-eabi/12.3.1/../../../../arm-none-eabi/lib/thumb/v7e-m+fp/hard\libg_nano.a(libc_a-memcpy-stub.o)
                0x08007c1c                memcpy
 *(.glue_7)
 .glue_7        0x08007c38        0x0 linker stubs
 *(.glue_7t)
 .glue_7t       0x08007c38        0x0 linker stubs
 *(.eh_frame)
 .eh_frame      0x08007c38        0x0 C:/ST/STM32CubeCLT_1.17.0/GNU-tools-for-STM32/bin/../lib/gcc/arm-none-eabi/12.3.1/thumb/v7e-m+fp/hard/crtbegin.o
 *(.init)
 .init          0x08007c38        0x4 C:/ST/STM32CubeCLT_1.17.0/GNU-tools-for-STM32/bin/../lib/gcc/arm-none-eabi/12.3.1/thumb/v7e-m+fp/hard/crti.o
                0x08007c38                _init
 .init          0x08007c3c        0x8 C:/ST/STM32CubeCLT_1.17.0/GNU-tools-for-STM32/bin/../lib/gcc/arm-none-eabi/12.3.1/thumb/v7e-m+fp/hard/crtn.o
 *(.fini)
 .fini          0x08007c44        0x4 C:/ST/STM32CubeCLT_1.17.0/GNU-tools-for-STM32/bin/../lib/gcc/arm-none-eabi/12.3.1/thumb/v7e-m+fp/hard/crti.o
                0x08007c44                _fini
 .fini          0x08007c48        0x8 C:/ST/STM32CubeCLT_1.17.0/GNU-tools-for-STM32/bin/../lib/gcc/arm-none-eabi/12.3.1/thumb/v7e-m+fp/hard/crtn.o
                0x08007c50                        . = ALIGN (0x4)
                0x08007c50                        _etext = .

.vfp11_veneer   0x08007c50        0x0
 .vfp11_veneer  0x08007c50        0x0 linker stubs

.v4_bx          0x08007c50        0x0
 .v4_bx         0x08007c50        0x0 linker stubs

.iplt           0x08007c50        0x0
 .iplt          0x08007c50        0x0 C:/ST/STM32CubeCLT_1.17.0/GNU-tools-for-STM32/bin/../lib/gcc/arm-none-eabi/12.3.1/thumb/v7e-m+fp/hard/crtbegin.o

.rodata         0x08007c50       0x50
                0x08007c50                        . = ALIGN (0x4)
 *(.rodata)
 *(.rodata*)
 .rodata.APBPrescTable
                0x08007c50        0x8 cmake/stm32cubemx/CMakeFiles/STM32_Drivers.dir/__/__/Core/Src/system_stm32f7xx.c.obj
                0x08007c50                APBPrescTable
 .rodata.AHBPrescTable
                0x08007c58       0x10 cmake/stm32cubemx/CMakeFiles/STM32_Drivers.dir/__/__/Core/Src/system_stm32f7xx.c.obj
                0x08007c58                AHBPrescTable
 .rodata.flagBitshiftOffset.0
                0x08007c68        0x8 cmake/stm32cubemx/CMakeFiles/STM32_Drivers.dir/__/__/Drivers/STM32F7xx_HAL_Driver/Src/stm32f7xx_hal_dma.c.obj
 .rodata.USBD_HS_ManufacturerStrDescriptor.str1.4
                0x08007c70        0x7 CMakeFiles/TheBox_V3_0.dir/USB_DEVICE/App/usbd_desc.c.obj
 *fill*         0x08007c77        0x1 
 .rodata.USBD_HS_ProductStrDescriptor.str1.4
                0x08007c78        0xc CMakeFiles/TheBox_V3_0.dir/USB_DEVICE/App/usbd_desc.c.obj
 .rodata.USBD_HS_ConfigStrDescriptor.str1.4
                0x08007c84        0xb CMakeFiles/TheBox_V3_0.dir/USB_DEVICE/App/usbd_desc.c.obj
 *fill*         0x08007c8f        0x1 
 .rodata.USBD_HS_InterfaceStrDescriptor.str1.4
                0x08007c90        0xe CMakeFiles/TheBox_V3_0.dir/USB_DEVICE/App/usbd_desc.c.obj
                0x08007ca0                        . = ALIGN (0x4)
 *fill*         0x08007c9e        0x2 

.ARM.extab      0x08007ca0        0x0
                0x08007ca0                        . = ALIGN (0x4)
 *(.ARM.extab* .gnu.linkonce.armextab.*)
                0x08007ca0                        . = ALIGN (0x4)

.ARM            0x08007ca0        0x8
                0x08007ca0                        . = ALIGN (0x4)
                0x08007ca0                        __exidx_start = .
 *(.ARM.exidx*)
 .ARM.exidx     0x08007ca0        0x8 C:/ST/STM32CubeCLT_1.17.0/GNU-tools-for-STM32/bin/../lib/gcc/arm-none-eabi/12.3.1/thumb/v7e-m+fp/hard\libgcc.a(_udivmoddi4.o)
 .ARM.exidx     0x08007ca8        0x0 C:/ST/STM32CubeCLT_1.17.0/GNU-tools-for-STM32/bin/../lib/gcc/arm-none-eabi/12.3.1/../../../../arm-none-eabi/lib/thumb/v7e-m+fp/hard\libg_nano.a(libc_a-strlen.o)
                                  0x8 (size before relaxing)
                0x08007ca8                        __exidx_end = .
                0x08007ca8                        . = ALIGN (0x4)

.preinit_array  0x08007ca8        0x0
                0x08007ca8                        . = ALIGN (0x4)
                0x08007ca8                        PROVIDE (__preinit_array_start = .)
 *(.preinit_array*)
                0x08007ca8                        PROVIDE (__preinit_array_end = .)
                0x08007ca8                        . = ALIGN (0x4)

.init_array     0x08007ca8        0x4
                0x08007ca8                        . = ALIGN (0x4)
                0x08007ca8                        PROVIDE (__init_array_start = .)
 *(SORT_BY_NAME(.init_array.*))
 *(.init_array*)
 .init_array    0x08007ca8        0x4 C:/ST/STM32CubeCLT_1.17.0/GNU-tools-for-STM32/bin/../lib/gcc/arm-none-eabi/12.3.1/thumb/v7e-m+fp/hard/crtbegin.o
                0x08007cac                        PROVIDE (__init_array_end = .)
                0x08007cac                        . = ALIGN (0x4)

.fini_array     0x08007cac        0x4
                0x08007cac                        . = ALIGN (0x4)
                [!provide]                        PROVIDE (__fini_array_start = .)
 *(SORT_BY_NAME(.fini_array.*))
 *(.fini_array*)
 .fini_array    0x08007cac        0x4 C:/ST/STM32CubeCLT_1.17.0/GNU-tools-for-STM32/bin/../lib/gcc/arm-none-eabi/12.3.1/thumb/v7e-m+fp/hard/crtbegin.o
                [!provide]                        PROVIDE (__fini_array_end = .)
                0x08007cb0                        . = ALIGN (0x4)
                0x08007cb0                        _sidata = LOADADDR (.data)

.rel.dyn        0x08007cb0        0x0
 .rel.iplt      0x08007cb0        0x0 C:/ST/STM32CubeCLT_1.17.0/GNU-tools-for-STM32/bin/../lib/gcc/arm-none-eabi/12.3.1/thumb/v7e-m+fp/hard/crtbegin.o

.data           0x20000000      0x15c load address 0x08007cb0
                0x20000000                        . = ALIGN (0x4)
                0x20000000                        _sdata = .
 *(.data)
 *(.data*)
 .data._impure_ptr
                0x20000000        0x4 C:/ST/STM32CubeCLT_1.17.0/GNU-tools-for-STM32/bin/../lib/gcc/arm-none-eabi/12.3.1/../../../../arm-none-eabi/lib/thumb/v7e-m+fp/hard\libc_nano.a(libc_a-impure.o)
                0x20000000                _impure_ptr
 .data._impure_data
                0x20000004       0x4c C:/ST/STM32CubeCLT_1.17.0/GNU-tools-for-STM32/bin/../lib/gcc/arm-none-eabi/12.3.1/../../../../arm-none-eabi/lib/thumb/v7e-m+fp/hard\libc_nano.a(libc_a-impure.o)
                0x20000004                _impure_data
 .data.SystemCoreClock
                0x20000050        0x4 cmake/stm32cubemx/CMakeFiles/STM32_Drivers.dir/__/__/Core/Src/system_stm32f7xx.c.obj
                0x20000050                SystemCoreClock
 .data.uwTickFreq
                0x20000054        0x1 cmake/stm32cubemx/CMakeFiles/STM32_Drivers.dir/__/__/Drivers/STM32F7xx_HAL_Driver/Src/stm32f7xx_hal.c.obj
                0x20000054                uwTickFreq
 *fill*         0x20000055        0x3 
 .data.uwTickPrio
                0x20000058        0x4 cmake/stm32cubemx/CMakeFiles/STM32_Drivers.dir/__/__/Drivers/STM32F7xx_HAL_Driver/Src/stm32f7xx_hal.c.obj
                0x20000058                uwTickPrio
 .data.USBD_CDC_CfgDesc
                0x2000005c       0x43 cmake/stm32cubemx/CMakeFiles/USB_Device_Library.dir/__/__/Middlewares/ST/STM32_USB_Device_Library/Class/CDC/Src/usbd_cdc.c.obj
 *fill*         0x2000009f        0x1 
 .data.USBD_CDC
                0x200000a0       0x38 cmake/stm32cubemx/CMakeFiles/USB_Device_Library.dir/__/__/Middlewares/ST/STM32_USB_Device_Library/Class/CDC/Src/usbd_cdc.c.obj
                0x200000a0                USBD_CDC
 .data.USBD_CDC_DeviceQualifierDesc
                0x200000d8        0xa cmake/stm32cubemx/CMakeFiles/USB_Device_Library.dir/__/__/Middlewares/ST/STM32_USB_Device_Library/Class/CDC/Src/usbd_cdc.c.obj
 *fill*         0x200000e2        0x2 
 .data.USBD_StringSerial
                0x200000e4       0x1a CMakeFiles/TheBox_V3_0.dir/USB_DEVICE/App/usbd_desc.c.obj
                0x200000e4                USBD_StringSerial
 *fill*         0x200000fe        0x2 
 .data.USBD_LangIDDesc
                0x20000100        0x4 CMakeFiles/TheBox_V3_0.dir/USB_DEVICE/App/usbd_desc.c.obj
                0x20000100                USBD_LangIDDesc
 .data.USBD_HS_BOSDesc
                0x20000104        0xc CMakeFiles/TheBox_V3_0.dir/USB_DEVICE/App/usbd_desc.c.obj
                0x20000104                USBD_HS_BOSDesc
 .data.USBD_HS_DeviceDesc
                0x20000110       0x12 CMakeFiles/TheBox_V3_0.dir/USB_DEVICE/App/usbd_desc.c.obj
                0x20000110                USBD_HS_DeviceDesc
 *fill*         0x20000122        0x2 
 .data.HS_Desc  0x20000124       0x20 CMakeFiles/TheBox_V3_0.dir/USB_DEVICE/App/usbd_desc.c.obj
                0x20000124                HS_Desc
 .data.USBD_Interface_fops_HS
                0x20000144       0x14 CMakeFiles/TheBox_V3_0.dir/USB_DEVICE/App/usbd_cdc_if.c.obj
                0x20000144                USBD_Interface_fops_HS
 .data.usb_get_sensor_data_flag
                0x20000158        0x1 CMakeFiles/TheBox_V3_0.dir/Core/Src/main.c.obj
                0x20000158                usb_get_sensor_data_flag
 *(.RamFunc)
 *(.RamFunc*)
                0x2000015c                        . = ALIGN (0x4)
 *fill*         0x20000159        0x3 
                0x2000015c                        _edata = .

.igot.plt       0x2000015c        0x0 load address 0x08007e0c
 .igot.plt      0x2000015c        0x0 C:/ST/STM32CubeCLT_1.17.0/GNU-tools-for-STM32/bin/../lib/gcc/arm-none-eabi/12.3.1/thumb/v7e-m+fp/hard/crtbegin.o
                0x2000015c                        . = ALIGN (0x4)

.bss            0x20000160    0x12020 load address 0x08007e0c
                0x20000160                        _sbss = .
                0x20000160                        __bss_start__ = _sbss
 *(.bss)
 .bss           0x20000160       0x1c C:/ST/STM32CubeCLT_1.17.0/GNU-tools-for-STM32/bin/../lib/gcc/arm-none-eabi/12.3.1/thumb/v7e-m+fp/hard/crtbegin.o
 *(.bss*)
 .bss.__sf      0x2000017c      0x138 C:/ST/STM32CubeCLT_1.17.0/GNU-tools-for-STM32/bin/../lib/gcc/arm-none-eabi/12.3.1/../../../../arm-none-eabi/lib/thumb/v7e-m+fp/hard\libc_nano.a(libc_a-findfp.o)
                0x2000017c                __sf
 .bss.errno     0x200002b4        0x4 C:/ST/STM32CubeCLT_1.17.0/GNU-tools-for-STM32/bin/../lib/gcc/arm-none-eabi/12.3.1/../../../../arm-none-eabi/lib/thumb/v7e-m+fp/hard\libc_nano.a(libc_a-reent.o)
                0x200002b4                errno
 .bss.__lock___malloc_recursive_mutex
                0x200002b8        0x1 C:/ST/STM32CubeCLT_1.17.0/GNU-tools-for-STM32/bin/../lib/gcc/arm-none-eabi/12.3.1/../../../../arm-none-eabi/lib/thumb/v7e-m+fp/hard\libc_nano.a(libc_a-lock.o)
                0x200002b8                __lock___malloc_recursive_mutex
 *fill*         0x200002b9        0x3 
 .bss.__malloc_sbrk_start
                0x200002bc        0x4 C:/ST/STM32CubeCLT_1.17.0/GNU-tools-for-STM32/bin/../lib/gcc/arm-none-eabi/12.3.1/../../../../arm-none-eabi/lib/thumb/v7e-m+fp/hard\libc_nano.a(libc_a-mallocr.o)
                0x200002bc                __malloc_sbrk_start
 .bss.__malloc_free_list
                0x200002c0        0x4 C:/ST/STM32CubeCLT_1.17.0/GNU-tools-for-STM32/bin/../lib/gcc/arm-none-eabi/12.3.1/../../../../arm-none-eabi/lib/thumb/v7e-m+fp/hard\libc_nano.a(libc_a-mallocr.o)
                0x200002c0                __malloc_free_list
 .bss.uwTick    0x200002c4        0x4 cmake/stm32cubemx/CMakeFiles/STM32_Drivers.dir/__/__/Drivers/STM32F7xx_HAL_Driver/Src/stm32f7xx_hal.c.obj
                0x200002c4                uwTick
 .bss.cfgidx.0  0x200002c8        0x1 cmake/stm32cubemx/CMakeFiles/USB_Device_Library.dir/__/__/Middlewares/ST/STM32_USB_Device_Library/Core/Src/usbd_ctlreq.c.obj
 *fill*         0x200002c9        0x3 
 .bss.hpcd_USB_OTG_HS
                0x200002cc      0x4e0 CMakeFiles/TheBox_V3_0.dir/USB_DEVICE/Target/usbd_conf.c.obj
                0x200002cc                hpcd_USB_OTG_HS
 .bss.hUsbDeviceHS
                0x200007ac      0x2dc CMakeFiles/TheBox_V3_0.dir/USB_DEVICE/App/usb_device.c.obj
                0x200007ac                hUsbDeviceHS
 .bss.USBD_StrDesc
                0x20000a88      0x200 CMakeFiles/TheBox_V3_0.dir/USB_DEVICE/App/usbd_desc.c.obj
                0x20000a88                USBD_StrDesc
 .bss.host_port_open
                0x20000c88        0x4 CMakeFiles/TheBox_V3_0.dir/USB_DEVICE/App/usbd_cdc_if.c.obj
                0x20000c88                host_port_open
 .bss.UserTxBufferHS
                0x20000c8c      0x800 CMakeFiles/TheBox_V3_0.dir/USB_DEVICE/App/usbd_cdc_if.c.obj
                0x20000c8c                UserTxBufferHS
 .bss.UserRxBufferHS
                0x2000148c      0x800 CMakeFiles/TheBox_V3_0.dir/USB_DEVICE/App/usbd_cdc_if.c.obj
                0x2000148c                UserRxBufferHS
 .bss.led_cnt.0
                0x20001c8c        0x2 CMakeFiles/TheBox_V3_0.dir/Core/Src/main.c.obj
 *fill*         0x20001c8e        0x2 
 .bss.usb_to_485_buf
                0x20001c90      0x100 CMakeFiles/TheBox_V3_0.dir/Core/Src/main.c.obj
                0x20001c90                usb_to_485_buf
 .bss.usb_get_sensor_cfg_flag
                0x20001d90        0x1 CMakeFiles/TheBox_V3_0.dir/Core/Src/main.c.obj
                0x20001d90                usb_get_sensor_cfg_flag
 .bss.usb_set_sensor_cfg_flag
                0x20001d91        0x1 CMakeFiles/TheBox_V3_0.dir/Core/Src/main.c.obj
                0x20001d91                usb_set_sensor_cfg_flag
 *fill*         0x20001d92        0x2 
 .bss.hdma_uart4_tx
                0x20001d94       0x60 CMakeFiles/TheBox_V3_0.dir/Core/Src/main.c.obj
                0x20001d94                hdma_uart4_tx
 .bss.hdma_uart4_rx
                0x20001df4       0x60 CMakeFiles/TheBox_V3_0.dir/Core/Src/main.c.obj
                0x20001df4                hdma_uart4_rx
 .bss.huart4    0x20001e54       0x88 CMakeFiles/TheBox_V3_0.dir/Core/Src/main.c.obj
                0x20001e54                huart4
 .bss.htim4     0x20001edc       0x4c CMakeFiles/TheBox_V3_0.dir/Core/Src/main.c.obj
                0x20001edc                htim4
 .bss.htim2     0x20001f28       0x4c CMakeFiles/TheBox_V3_0.dir/Core/Src/main.c.obj
                0x20001f28                htim2
 .bss.hspi3     0x20001f74       0x64 CMakeFiles/TheBox_V3_0.dir/Core/Src/main.c.obj
                0x20001f74                hspi3
 .bss.hcrc      0x20001fd8       0x24 CMakeFiles/TheBox_V3_0.dir/Core/Src/main.c.obj
                0x20001fd8                hcrc
 .bss.__sbrk_heap_end
                0x20001ffc        0x4 CMakeFiles/TheBox_V3_0.dir/Core/Src/sysmem.c.obj
 .bss.RS485_RX_flag
                0x20002000        0x4 CMakeFiles/TheBox_V3_0.dir/modbus_rtu/modbus_rtu.c.obj
                0x20002000                RS485_RX_flag
 .bss.rxFrame   0x20002004      0x100 CMakeFiles/TheBox_V3_0.dir/modbus_rtu/modbus_rtu.c.obj
                0x20002004                rxFrame
 .bss.txFrame   0x20002104      0x100 CMakeFiles/TheBox_V3_0.dir/modbus_rtu/modbus_rtu.c.obj
                0x20002104                txFrame
 .bss.sensor_UID
                0x20002204      0x3d8 CMakeFiles/TheBox_V3_0.dir/modbus_rtu/modbus_rtu.c.obj
                0x20002204                sensor_UID
 .bss.sensor_0xF7_cnt
                0x200025dc        0x2 CMakeFiles/TheBox_V3_0.dir/modbus_rtu/modbus_rtu.c.obj
                0x200025dc                sensor_0xF7_cnt
 .bss.rx_size   0x200025de        0x2 CMakeFiles/TheBox_V3_0.dir/modbus_rtu/modbus_rtu.c.obj
                0x200025de                rx_size
 .bss.tx_buf    0x200025e0      0x100 CMakeFiles/TheBox_V3_0.dir/modbus_rtu/modbus_rtu.c.obj
                0x200025e0                tx_buf
 .bss.rx_buf    0x200026e0      0x100 CMakeFiles/TheBox_V3_0.dir/modbus_rtu/modbus_rtu.c.obj
                0x200026e0                rx_buf
 .bss.PC_Trans_Buff
                0x200027e0      0x400 CMakeFiles/TheBox_V3_0.dir/modbus_rtu/mag_sensor.c.obj
                0x200027e0                PC_Trans_Buff
 .bss.sensor_err_pkg_cnt
                0x20002be0        0x4 CMakeFiles/TheBox_V3_0.dir/modbus_rtu/mag_sensor.c.obj
                0x20002be0                sensor_err_pkg_cnt
 .bss.sensor_pkg_cnt
                0x20002be4        0x4 CMakeFiles/TheBox_V3_0.dir/modbus_rtu/mag_sensor.c.obj
                0x20002be4                sensor_pkg_cnt
 .bss.slaveID_map
                0x20002be8       0x20 CMakeFiles/TheBox_V3_0.dir/modbus_rtu/mag_sensor.c.obj
                0x20002be8                slaveID_map
 .bss.slaveID_tba
                0x20002c08        0x1 CMakeFiles/TheBox_V3_0.dir/modbus_rtu/mag_sensor.c.obj
                0x20002c08                slaveID_tba
 .bss.sensor_num
                0x20002c09        0x1 CMakeFiles/TheBox_V3_0.dir/modbus_rtu/mag_sensor.c.obj
                0x20002c09                sensor_num
 *fill*         0x20002c0a        0x2 
 .bss.TIM2_time_s
                0x20002c0c        0x4 CMakeFiles/TheBox_V3_0.dir/modbus_rtu/mag_sensor.c.obj
                0x20002c0c                TIM2_time_s
 .bss.mcu_timestamp
                0x20002c10        0x8 CMakeFiles/TheBox_V3_0.dir/modbus_rtu/mag_sensor.c.obj
                0x20002c10                mcu_timestamp
 .bss.mag_sensor
                0x20002c18     0xf50a CMakeFiles/TheBox_V3_0.dir/modbus_rtu/mag_sensor.c.obj
                0x20002c18                mag_sensor
 *fill*         0x20012122        0x2 
 .bss.Accel_Scale_Factor
                0x20012124        0x4 CMakeFiles/TheBox_V3_0.dir/ICM42688P/ICM42688P.c.obj
                0x20012124                Accel_Scale_Factor
 .bss.Gyro_Scale_Factor
                0x20012128        0x4 CMakeFiles/TheBox_V3_0.dir/ICM42688P/ICM42688P.c.obj
                0x20012128                Gyro_Scale_Factor
 .bss.registered_callback_cnt
                0x2001212c        0x4 CMakeFiles/TheBox_V3_0.dir/usb_comm/usb_comm.c.obj
 .bss.recv_callbacks
                0x20012130       0x50 CMakeFiles/TheBox_V3_0.dir/usb_comm/usb_comm.c.obj
 *(COMMON)
                0x20012180                        . = ALIGN (0x4)
                0x20012180                        _ebss = .
                0x20012180                        __bss_end__ = _ebss

._user_heap_stack
                0x20012180     0x6000 load address 0x08007e0c
                0x20012180                        . = ALIGN (0x8)
                [!provide]                        PROVIDE (end = .)
                0x20012180                        PROVIDE (_end = .)
                0x20014180                        . = (. + _Min_Heap_Size)
 *fill*         0x20012180     0x2000 
                0x20018180                        . = (. + _Min_Stack_Size)
 *fill*         0x20014180     0x4000 
                0x20018180                        . = ALIGN (0x8)

/DISCARD/
 libc.a(*)
 libm.a(*)
 libgcc.a(*)
OUTPUT(TheBox_V3_0.elf elf32-littlearm)
LOAD linker stubs
LOAD C:/ST/STM32CubeCLT_1.17.0/GNU-tools-for-STM32/bin/../lib/gcc/arm-none-eabi/12.3.1/../../../../arm-none-eabi/lib/thumb/v7e-m+fp/hard\libc.a
LOAD C:/ST/STM32CubeCLT_1.17.0/GNU-tools-for-STM32/bin/../lib/gcc/arm-none-eabi/12.3.1/../../../../arm-none-eabi/lib/thumb/v7e-m+fp/hard\libm.a
LOAD C:/ST/STM32CubeCLT_1.17.0/GNU-tools-for-STM32/bin/../lib/gcc/arm-none-eabi/12.3.1/thumb/v7e-m+fp/hard\libgcc.a

.ARM.attributes
                0x00000000       0x30
 .ARM.attributes
                0x00000000       0x22 C:/ST/STM32CubeCLT_1.17.0/GNU-tools-for-STM32/bin/../lib/gcc/arm-none-eabi/12.3.1/thumb/v7e-m+fp/hard/crti.o
 .ARM.attributes
                0x00000022       0x34 C:/ST/STM32CubeCLT_1.17.0/GNU-tools-for-STM32/bin/../lib/gcc/arm-none-eabi/12.3.1/thumb/v7e-m+fp/hard/crtbegin.o
 .ARM.attributes
                0x00000056       0x34 C:/ST/STM32CubeCLT_1.17.0/GNU-tools-for-STM32/bin/../lib/gcc/arm-none-eabi/12.3.1/../../../../arm-none-eabi/lib/thumb/v7e-m+fp/hard\libc_nano.a(libc_a-findfp.o)
 .ARM.attributes
                0x0000008a       0x34 C:/ST/STM32CubeCLT_1.17.0/GNU-tools-for-STM32/bin/../lib/gcc/arm-none-eabi/12.3.1/../../../../arm-none-eabi/lib/thumb/v7e-m+fp/hard\libc_nano.a(libc_a-memset.o)
 .ARM.attributes
                0x000000be       0x34 C:/ST/STM32CubeCLT_1.17.0/GNU-tools-for-STM32/bin/../lib/gcc/arm-none-eabi/12.3.1/../../../../arm-none-eabi/lib/thumb/v7e-m+fp/hard\libc_nano.a(libc_a-reent.o)
 .ARM.attributes
                0x000000f2       0x34 C:/ST/STM32CubeCLT_1.17.0/GNU-tools-for-STM32/bin/../lib/gcc/arm-none-eabi/12.3.1/../../../../arm-none-eabi/lib/thumb/v7e-m+fp/hard\libc_nano.a(libc_a-impure.o)
 .ARM.attributes
                0x00000126       0x34 C:/ST/STM32CubeCLT_1.17.0/GNU-tools-for-STM32/bin/../lib/gcc/arm-none-eabi/12.3.1/../../../../arm-none-eabi/lib/thumb/v7e-m+fp/hard\libc_nano.a(libc_a-init.o)
 .ARM.attributes
                0x0000015a       0x34 C:/ST/STM32CubeCLT_1.17.0/GNU-tools-for-STM32/bin/../lib/gcc/arm-none-eabi/12.3.1/../../../../arm-none-eabi/lib/thumb/v7e-m+fp/hard\libc_nano.a(libc_a-lock.o)
 .ARM.attributes
                0x0000018e       0x34 C:/ST/STM32CubeCLT_1.17.0/GNU-tools-for-STM32/bin/../lib/gcc/arm-none-eabi/12.3.1/../../../../arm-none-eabi/lib/thumb/v7e-m+fp/hard\libc_nano.a(libc_a-freer.o)
 .ARM.attributes
                0x000001c2       0x34 C:/ST/STM32CubeCLT_1.17.0/GNU-tools-for-STM32/bin/../lib/gcc/arm-none-eabi/12.3.1/../../../../arm-none-eabi/lib/thumb/v7e-m+fp/hard\libc_nano.a(libc_a-mallocr.o)
 .ARM.attributes